setup 6.1s; anchors=[380, 462, 314, 438, 514, 39, 225, 227, 418, 458] init sizes=[44, 40, 5, 44, 5, 40, 40, 6, 5, 17]
15 configs, 15 to run
[d02_base] E0=0.0000 D0=6.4293  T_start=0.02577 T_end=0.000249 alpha=0.99
[d03_N0] E0=0.0000 D0=6.4293  T_start=0.02122 T_end=0.0001773 alpha=0.99
[d00_dd_only] E0=0.0000 D0=6.4293  T_start=0.0001198 T_end=2.574e-06 alpha=0.99
[d01_dd_conv] E0=0.0000 D0=6.4293  T_start=0.000119 T_end=2.574e-06 alpha=0.99
[d00_dd_only] step   25 T=9.322e-05 E=-0.2205 D=5.6023 best E=-0.2211 (D=5.5997) best D=5.5997 acc=11/30 infeas=7 calls=791 sizes=[40, 53, 5, 59, 50, 40, 40, 5, 57, 9]
[d01_dd_conv] step   25 T=9.252e-05 E=-0.2062 D=5.7582 best E=-0.2062 (D=5.7582) best D=5.7582 acc=13/30 infeas=11 calls=791 sizes=[67, 65, 5, 57, 55, 27, 31, 5, 37, 10]
[d02_base] step   25 T=0.02004 E=0.1794 D=6.3029 best E=-0.0081 (D=6.4265) best D=5.7294 acc=9/30 infeas=15 calls=791 sizes=[43, 39, 5, 72, 5, 31, 58, 9, 14, 9]
[d03_N0] step   25 T=0.0165 E=-0.4240 D=6.4675 best E=-0.6346 (D=6.4802) best D=6.1277 acc=8/30 infeas=15 calls=791 sizes=[49, 51, 5, 71, 5, 34, 70, 10, 13, 9]
[d00_dd_only] step   50 T=7.25e-05 E=-0.4685 D=4.6716 best E=-0.4685 (D=4.6716) best D=4.6716 acc=12/30 infeas=10 calls=1541 sizes=[37, 75, 5, 77, 72, 26, 24, 5, 80, 7]
[d01_dd_conv] step   50 T=7.197e-05 E=-0.4556 D=4.8501 best E=-0.4556 (D=4.8501) best D=4.8436 acc=13/30 infeas=14 calls=1541 sizes=[74, 88, 5, 82, 61, 12, 34, 5, 61, 6]
[d02_base] step   50 T=0.01559 E=-0.7627 D=6.2478 best E=-0.7862 (D=6.2373) best D=5.7294 acc=9/30 infeas=2 calls=1541 sizes=[47, 30, 6, 66, 5, 24, 69, 5, 38, 8]
[d03_N0] step   50 T=0.01284 E=-0.6122 D=6.1685 best E=-0.6346 (D=6.4802) best D=5.8155 acc=8/30 infeas=14 calls=1541 sizes=[62, 50, 5, 94, 5, 29, 85, 7, 30, 6]
[d00_dd_only] step   75 T=5.64e-05 E=-0.5828 D=4.2431 best E=-0.5828 (D=4.2431) best D=4.2431 acc=15/30 infeas=4 calls=2291 sizes=[56, 89, 6, 78, 73, 23, 14, 5, 104, 6]
[d01_dd_conv] step   75 T=5.598e-05 E=-0.5541 D=4.4931 best E=-0.5541 (D=4.4931) best D=4.3845 acc=17/30 infeas=8 calls=2291 sizes=[90, 103, 5, 82, 72, 5, 17, 5, 73, 5]
[d02_base] step   75 T=0.01213 E=-1.5801 D=5.6646 best E=-1.6030 (D=5.6727) best D=5.1793 acc=10/30 infeas=6 calls=2291 sizes=[59, 23, 5, 60, 5, 20, 70, 6, 52, 5]
[d00_dd_only] step  100 T=4.387e-05 E=-0.6739 D=3.9013 best E=-0.6739 (D=3.9013) best D=3.9013 acc=19/30 infeas=4 calls=3041 sizes=[56, 94, 5, 90, 93, 16, 38, 5, 96, 6]
[d03_N0] step   75 T=0.009985 E=-1.0993 D=6.0797 best E=-1.1173 (D=6.0695) best D=5.8155 acc=16/30 infeas=5 calls=2291 sizes=[65, 53, 5, 102, 5, 18, 104, 10, 39, 5]
[d01_dd_conv] step  100 T=4.354e-05 E=-0.5575 D=4.4804 best E=-0.5575 (D=4.4803) best D=4.3845 acc=15/30 infeas=8 calls=3041 sizes=[88, 102, 5, 91, 80, 6, 14, 6, 75, 5]
[d02_base] step  100 T=0.009432 E=-3.6791 D=5.4803 best E=-3.6791 (D=5.4803) best D=5.1793 acc=10/30 infeas=6 calls=3041 sizes=[49, 5, 5, 62, 5, 24, 66, 5, 50, 5]
[d00_dd_only] step  125 T=3.412e-05 E=-0.6885 D=3.8463 best E=-0.6885 (D=3.8463) best D=3.8463 acc=18/30 infeas=3 calls=3791 sizes=[69, 105, 5, 94, 89, 11, 50, 5, 91, 5]
[d01_dd_conv] step  125 T=3.387e-05 E=-0.5802 D=4.3205 best E=-0.5802 (D=4.3202) best D=4.2507 acc=16/30 infeas=6 calls=3791 sizes=[92, 107, 5, 103, 81, 5, 14, 5, 89, 5]
[d03_N0] step  100 T=0.007767 E=-1.1075 D=6.0355 best E=-1.1708 (D=6.0361) best D=5.8155 acc=10/30 infeas=14 calls=3041 sizes=[94, 52, 5, 113, 5, 20, 97, 10, 43, 5]
[d00_dd_only] step  150 T=2.654e-05 E=-0.6885 D=3.8463 best E=-0.6885 (D=3.8463) best D=3.8463 acc=16/30 infeas=4 calls=4541 sizes=[86, 110, 5, 98, 99, 11, 59, 5, 90, 5]
[d02_base] step  125 T=0.007336 E=-3.9982 D=5.3257 best E=-4.0291 (D=5.3260) best D=5.1285 acc=4/30 infeas=0 calls=3791 sizes=[51, 5, 5, 53, 5, 19, 57, 5, 45, 5]
[d01_dd_conv] step  150 T=2.634e-05 E=-0.5976 D=4.2542 best E=-0.5976 (D=4.2542) best D=4.2507 acc=18/30 infeas=5 calls=4541 sizes=[96, 105, 5, 99, 94, 5, 16, 5, 87, 5]
[d00_dd_only] step  175 T=2.064e-05 E=-0.6885 D=3.8463 best E=-0.6885 (D=3.8463) best D=3.8463 acc=16/30 infeas=9 calls=5291 sizes=[93, 104, 5, 100, 93, 12, 54, 5, 96, 5]
[d03_N0] step  125 T=0.006041 E=-1.1856 D=5.7598 best E=-1.1856 (D=5.7598) best D=5.7441 acc=17/30 infeas=8 calls=3791 sizes=[101, 52, 5, 104, 5, 14, 92, 15, 48, 5]
[d02_base] step  150 T=0.005706 E=-4.3807 D=5.4352 best E=-4.4010 (D=5.4352) best D=5.1153 acc=3/30 infeas=1 calls=4541 sizes=[47, 5, 5, 50, 5, 17, 47, 5, 32, 5]
[d01_dd_conv] step  175 T=2.049e-05 E=-0.5984 D=4.2560 best E=-0.5984 (D=4.2560) best D=4.2507 acc=15/30 infeas=7 calls=5291 sizes=[90, 81, 5, 111, 101, 5, 18, 5, 97, 6]
[d00_dd_only] step  200 T=1.606e-05 E=-0.6885 D=3.8463 best E=-0.6885 (D=3.8463) best D=3.8463 acc=17/30 infeas=7 calls=6041 sizes=[87, 123, 5, 93, 77, 13, 63, 5, 107, 5]
[d02_base] step  175 T=0.004438 E=-4.6426 D=5.4696 best E=-4.6426 (D=5.4696) best D=4.8393 acc=3/30 infeas=6 calls=5291 sizes=[37, 5, 5, 46, 5, 23, 40, 6, 27, 6]
[d01_dd_conv] step  200 T=1.594e-05 E=-0.6493 D=4.1305 best E=-0.6493 (D=4.1305) best D=4.1290 acc=14/30 infeas=8 calls=6041 sizes=[88, 85, 6, 100, 104, 5, 19, 5, 94, 7]
[d03_N0] step  150 T=0.004699 E=-1.3369 D=5.4514 best E=-1.3386 (D=5.4527) best D=5.4004 acc=10/30 infeas=12 calls=4541 sizes=[96, 47, 5, 98, 5, 12, 100, 16, 49, 5]
[d00_dd_only] step  225 T=1.249e-05 E=-0.6885 D=3.8463 best E=-0.6885 (D=3.8463) best D=3.8463 acc=18/30 infeas=8 calls=6791 sizes=[87, 125, 5, 100, 100, 10, 72, 6, 101, 5]
[d02_base] step  200 T=0.003452 E=-5.0233 D=5.0466 best E=-5.0233 (D=5.0466) best D=4.8393 acc=5/30 infeas=3 calls=6041 sizes=[24, 5, 5, 47, 5, 19, 40, 5, 26, 5]
[d01_dd_conv] step  225 T=1.24e-05 E=-0.6494 D=4.1303 best E=-0.6494 (D=4.1303) best D=4.1290 acc=15/30 infeas=9 calls=6791 sizes=[93, 102, 5, 98, 97, 5, 18, 5, 87, 6]
[d03_N0] step  175 T=0.003655 E=-1.4030 D=5.4395 best E=-1.4243 (D=5.4748) best D=5.2876 acc=8/30 infeas=17 calls=5291 sizes=[101, 46, 5, 94, 5, 9, 102, 14, 49, 5]
[d00_dd_only] step  250 T=9.714e-06 E=-0.6885 D=3.8463 best E=-0.6885 (D=3.8463) best D=3.8463 acc=17/30 infeas=4 calls=7541 sizes=[96, 98, 5, 95, 108, 10, 81, 5, 105, 5]
[d01_dd_conv] step  250 T=9.642e-06 E=-0.6520 D=4.1150 best E=-0.6520 (D=4.1150) best D=4.1150 acc=11/30 infeas=10 calls=7541 sizes=[100, 84, 6, 84, 102, 6, 17, 5, 89, 6]
[d02_base] step  225 T=0.002685 E=-5.4149 D=4.9513 best E=-5.4149 (D=4.9513) best D=4.8012 acc=4/30 infeas=7 calls=6791 sizes=[28, 5, 5, 35, 5, 12, 35, 5, 17, 5]
[d00_dd_only] step  275 T=7.556e-06 E=-0.6885 D=3.8463 best E=-0.6885 (D=3.8463) best D=3.8463 acc=19/30 infeas=8 calls=8291 sizes=[103, 96, 5, 96, 96, 10, 98, 5, 87, 5]
[d03_N0] step  200 T=0.002843 E=-1.4630 D=5.4191 best E=-1.4682 (D=5.4180) best D=5.2468 acc=12/30 infeas=8 calls=6041 sizes=[100, 42, 5, 92, 5, 10, 102, 15, 44, 5]
[d01_dd_conv] step  275 T=7.5e-06 E=-0.6520 D=4.1150 best E=-0.6520 (D=4.1150) best D=4.1150 acc=13/30 infeas=6 calls=8291 sizes=[107, 87, 6, 87, 89, 6, 17, 5, 91, 6]
[d02_base] step  250 T=0.002089 E=-5.6197 D=4.9501 best E=-5.6198 (D=4.9508) best D=4.5531 acc=3/30 infeas=0 calls=7541 sizes=[22, 5, 5, 36, 5, 10, 34, 5, 6, 5]
[d00_dd_only] step  300 T=5.877e-06 E=-0.6885 D=3.8463 best E=-0.6885 (D=3.8463) best D=3.8463 acc=19/30 infeas=4 calls=9041 sizes=[102, 92, 5, 97, 95, 12, 93, 5, 102, 5]
[d03_N0] step  225 T=0.002211 E=-1.4744 D=5.3646 best E=-1.4808 (D=5.3584) best D=5.2096 acc=13/30 infeas=7 calls=6791 sizes=[103, 42, 5, 105, 5, 11, 107, 15, 35, 5]
[d01_dd_conv] step  300 T=5.834e-06 E=-0.6520 D=4.1150 best E=-0.6520 (D=4.1150) best D=4.1150 acc=7/30 infeas=9 calls=9041 sizes=[98, 94, 6, 95, 87, 6, 19, 5, 98, 6]
[d02_base] step  275 T=0.001625 E=-5.7362 D=4.9374 best E=-5.7362 (D=4.9374) best D=4.5479 acc=2/30 infeas=0 calls=8291 sizes=[22, 5, 5, 30, 5, 10, 28, 5, 5, 5]
[d00_dd_only] step  325 T=4.571e-06 E=-0.6885 D=3.8463 best E=-0.6885 (D=3.8463) best D=3.8463 acc=13/30 infeas=8 calls=9791 sizes=[96, 87, 5, 89, 107, 11, 102, 5, 113, 6]
[d02_base] step  300 T=0.001264 E=-5.8287 D=4.9058 best E=-5.8432 (D=4.9277) best D=4.4064 acc=2/30 infeas=3 calls=9041 sizes=[19, 5, 5, 21, 5, 9, 26, 5, 5, 5]
[d01_dd_conv] step  325 T=4.537e-06 E=-0.6520 D=4.1150 best E=-0.6520 (D=4.1150) best D=4.1150 acc=15/30 infeas=2 calls=9791 sizes=[96, 99, 6, 99, 91, 6, 18, 5, 97, 7]
[d03_N0] step  250 T=0.00172 E=-1.5868 D=5.4053 best E=-1.5886 (D=5.4033) best D=5.1922 acc=6/30 infeas=13 calls=7541 sizes=[106, 49, 5, 103, 5, 11, 102, 15, 22, 5]
[d00_dd_only] step  350 T=3.556e-06 E=-0.6885 D=3.8463 best E=-0.6885 (D=3.8463) best D=3.8463 acc=15/30 infeas=5 calls=10541 sizes=[94, 85, 5, 102, 98, 12, 106, 5, 104, 5]
[d02_base] step  325 T=0.0009829 E=-5.9648 D=4.8744 best E=-5.9648 (D=4.8744) best D=4.3518 acc=0/30 infeas=2 calls=9791 sizes=[13, 5, 5, 17, 5, 5, 20, 5, 5, 5]
[d01_dd_conv] step  350 T=3.529e-06 E=-0.6520 D=4.1150 best E=-0.6520 (D=4.1150) best D=4.1150 acc=17/30 infeas=4 calls=10541 sizes=[94, 97, 5, 105, 87, 7, 16, 5, 108, 7]
[d00_dd_only] step  375 T=2.766e-06 E=-0.6885 D=3.8463 best E=-0.6885 (D=3.8463) best D=3.8463 acc=18/30 infeas=4 calls=11291 sizes=[90, 86, 5, 111, 102, 12, 99, 5, 104, 5]
[d03_N0] step  275 T=0.001338 E=-1.7951 D=5.4189 best E=-1.7976 (D=5.4134) best D=5.1922 acc=13/30 infeas=8 calls=8291 sizes=[98, 50, 5, 116, 5, 13, 105, 16, 7, 5]
[d00_dd_only] step  383 T=2.552e-06 E=-0.6885 D=3.8463 best E=-0.6885 (D=3.8463) best D=3.8463 acc=16/30 infeas=8 calls=11531 sizes=[91, 93, 5, 108, 102, 13, 103, 5, 108, 5]
[d02_base] step  350 T=0.0007645 E=-6.1682 D=4.8846 best E=-6.1682 (D=4.8846) best D=4.3452 acc=0/30 infeas=0 calls=10541 sizes=[5, 5, 5, 15, 5, 8, 19, 5, 5, 5]
[d00_dd_only] done in 257.9s
== d00_dd_only: ok (258s)
[d01_dd_conv] step  375 T=2.745e-06 E=-0.6520 D=4.1150 best E=-0.6520 (D=4.1150) best D=4.1150 acc=14/30 infeas=6 calls=11291 sizes=[93, 94, 7, 107, 93, 6, 17, 5, 78, 6]
[d04_N0.05] E0=0.0000 D0=6.4293  T_start=0.02598 T_end=0.0005748 alpha=0.99
[d01_dd_conv] step  382 T=2.559e-06 E=-0.6520 D=4.1150 best E=-0.6520 (D=4.1150) best D=4.1150 acc=13/30 infeas=8 calls=11501 sizes=[91, 97, 7, 106, 92, 6, 18, 5, 81, 6]
[d01_dd_conv] done in 264.7s
== d01_dd_conv: ok (265s)
[d05_N0.25] E0=0.0000 D0=6.4293  T_start=0.03426 T_end=0.001229 alpha=0.99
[d02_base] step  375 T=0.0005947 E=-6.2724 D=4.8652 best E=-6.2750 (D=4.8652) best D=4.3385 acc=1/30 infeas=2 calls=11291 sizes=[5, 5, 5, 14, 5, 6, 14, 5, 5, 5]
[d03_N0] step  300 T=0.001041 E=-1.8581 D=5.3979 best E=-1.8585 (D=5.3979) best D=5.1922 acc=8/30 infeas=13 calls=9041 sizes=[99, 51, 5, 95, 5, 9, 93, 16, 5, 5]
[d04_N0.05] step   25 T=0.02021 E=-0.2919 D=6.3026 best E=-0.3649 (D=6.3094) best D=6.2308 acc=9/30 infeas=11 calls=791 sizes=[43, 40, 5, 68, 5, 29, 66, 12, 28, 10]
[d02_base] step  400 T=0.0004625 E=-6.2899 D=4.8540 best E=-6.2906 (D=4.8520) best D=4.3368 acc=0/30 infeas=1 calls=12041 sizes=[5, 5, 5, 13, 5, 6, 11, 5, 5, 5]
[d05_N0.25] step   25 T=0.02665 E=0.1023 D=6.3484 best E=-0.2120 (D=6.3277) best D=6.0554 acc=8/30 infeas=13 calls=791 sizes=[42, 50, 5, 50, 5, 31, 43, 8, 25, 9]
[d03_N0] step  325 T=0.0008094 E=-1.9009 D=5.3949 best E=-1.9010 (D=5.3885) best D=5.1922 acc=7/30 infeas=9 calls=9791 sizes=[89, 62, 5, 94, 5, 12, 86, 12, 5, 5]
[d02_base] step  425 T=0.0003598 E=-6.3051 D=4.8546 best E=-6.3051 (D=4.8546) best D=4.3368 acc=1/30 infeas=1 calls=12791 sizes=[5, 5, 5, 9, 5, 7, 10, 5, 5, 5]
[d04_N0.05] step   50 T=0.01572 E=-0.2255 D=6.1317 best E=-0.4547 (D=6.1861) best D=5.4681 acc=13/30 infeas=11 calls=1541 sizes=[69, 47, 5, 71, 5, 28, 70, 13, 36, 8]
[d05_N0.25] step   50 T=0.02073 E=-0.0925 D=6.0537 best E=-0.2444 (D=6.0805) best D=5.8436 acc=14/30 infeas=8 calls=1541 sizes=[49, 54, 5, 56, 6, 30, 39, 8, 33, 5]
[d02_base] step  450 T=0.0002798 E=-6.3279 D=4.8473 best E=-6.3279 (D=4.8473) best D=4.3086 acc=0/30 infeas=4 calls=13541 sizes=[5, 5, 5, 9, 5, 6, 9, 5, 5, 5]
[d03_N0] step  350 T=0.0006296 E=-1.9472 D=5.3660 best E=-1.9476 (D=5.3653) best D=5.1764 acc=3/30 infeas=12 calls=10541 sizes=[74, 52, 5, 101, 5, 10, 91, 12, 5, 5]
[d02_base] step  462 T=0.000248 E=-6.3324 D=4.8501 best E=-6.3324 (D=4.8501) best D=4.3086 acc=0/30 infeas=5 calls=13901 sizes=[5, 5, 5, 8, 5, 6, 8, 5, 5, 5]
[d02_base] done in 318.5s
== d02_base: ok (319s)
[d04_N0.05] step   75 T=0.01223 E=-0.1399 D=6.0705 best E=-0.4547 (D=6.1861) best D=5.4681 acc=13/30 infeas=12 calls=2291 sizes=[64, 56, 5, 70, 5, 30, 69, 10, 39, 9]
[d06_C0] E0=0.0000 D0=6.4293  T_start=0.02577 T_end=0.000249 alpha=0.99
[d05_N0.25] step   75 T=0.01612 E=-0.4939 D=5.9447 best E=-0.4939 (D=5.9447) best D=5.4035 acc=11/30 infeas=12 calls=2291 sizes=[41, 58, 6, 46, 5, 27, 40, 6, 31, 6]
[d03_N0] step  375 T=0.0004897 E=-1.9659 D=5.3352 best E=-1.9661 (D=5.3352) best D=5.1764 acc=5/30 infeas=16 calls=11291 sizes=[70, 59, 5, 100, 5, 9, 91, 12, 5, 5]
[d04_N0.05] step  100 T=0.00951 E=-0.2619 D=5.8278 best E=-0.4547 (D=6.1861) best D=5.3592 acc=14/30 infeas=6 calls=3041 sizes=[67, 54, 5, 75, 5, 29, 67, 17, 40, 8]
[d06_C0] step   25 T=0.02004 E=0.2469 D=6.4339 best E=-0.0280 (D=6.2921) best D=5.3168 acc=5/30 infeas=15 calls=791 sizes=[45, 43, 5, 65, 5, 30, 51, 10, 19, 8]
[d05_N0.25] step  100 T=0.01254 E=-0.9397 D=5.8787 best E=-1.0130 (D=5.9268) best D=5.3505 acc=9/30 infeas=5 calls=3041 sizes=[38, 52, 5, 50, 5, 19, 38, 8, 36, 9]
[d03_N0] step  400 T=0.0003809 E=-1.9732 D=5.3468 best E=-1.9732 (D=5.3468) best D=5.1252 acc=6/30 infeas=18 calls=12041 sizes=[67, 58, 5, 98, 5, 9, 89, 12, 5, 5]
[d06_C0] step   50 T=0.01559 E=-0.0966 D=6.0838 best E=-0.2262 (D=6.0180) best D=5.3168 acc=5/30 infeas=13 calls=1541 sizes=[60, 45, 5, 61, 5, 26, 50, 13, 35, 7]
[d04_N0.05] step  125 T=0.007397 E=-0.3437 D=5.7912 best E=-0.4547 (D=6.1861) best D=5.3592 acc=6/30 infeas=12 calls=3791 sizes=[57, 62, 5, 81, 5, 25, 61, 13, 45, 6]
[d05_N0.25] step  125 T=0.009755 E=-1.5642 D=5.8784 best E=-1.5642 (D=5.8784) best D=5.3505 acc=7/30 infeas=5 calls=3791 sizes=[31, 38, 5, 43, 5, 23, 33, 12, 38, 6]
[d03_N0] step  425 T=0.0002963 E=-1.9843 D=5.3277 best E=-1.9843 (D=5.3277) best D=5.1252 acc=7/30 infeas=13 calls=12791 sizes=[66, 62, 5, 102, 5, 9, 86, 13, 5, 5]
[d06_C0] step   75 T=0.01213 E=-0.1741 D=6.0328 best E=-0.2262 (D=6.0180) best D=5.3168 acc=9/30 infeas=9 calls=2291 sizes=[52, 51, 5, 59, 5, 21, 56, 12, 44, 7]
[d04_N0.05] step  150 T=0.005754 E=-0.5069 D=5.7225 best E=-0.5138 (D=5.7348) best D=5.1432 acc=4/30 infeas=9 calls=4541 sizes=[53, 62, 5, 75, 5, 19, 63, 14, 46, 7]
[d05_N0.25] step  150 T=0.007588 E=-1.9662 D=5.6846 best E=-1.9975 (D=5.6768) best D=5.1363 acc=12/30 infeas=4 calls=4541 sizes=[34, 35, 5, 33, 5, 16, 29, 15, 32, 5]
[d03_N0] step  450 T=0.0002304 E=-1.9954 D=5.3282 best E=-1.9954 (D=5.3281) best D=5.1252 acc=2/30 infeas=16 calls=13541 sizes=[66, 64, 5, 96, 5, 9, 72, 13, 5, 5]
[d05_N0.25] step  175 T=0.005902 E=-2.5535 D=5.6181 best E=-2.5535 (D=5.6181) best D=5.1363 acc=8/30 infeas=13 calls=5291 sizes=[29, 28, 5, 34, 5, 11, 29, 16, 21, 5]
[d04_N0.05] step  175 T=0.004475 E=-0.7248 D=5.6703 best E=-0.7256 (D=5.6703) best D=5.0616 acc=9/30 infeas=7 calls=5291 sizes=[65, 49, 5, 55, 5, 12, 60, 14, 41, 6]
[d06_C0] step  100 T=0.009432 E=-0.3753 D=6.0240 best E=-0.4597 (D=5.9146) best D=5.3168 acc=8/30 infeas=11 calls=3041 sizes=[47, 50, 5, 64, 5, 22, 52, 13, 43, 7]
[d03_N0] step  475 T=0.0001792 E=-2.0076 D=5.3259 best E=-2.0080 (D=5.3259) best D=5.0739 acc=3/30 infeas=14 calls=14291 sizes=[66, 60, 5, 98, 5, 9, 59, 13, 5, 5]
[d03_N0] step  477 T=0.0001757 E=-2.0084 D=5.3267 best E=-2.0088 (D=5.3267) best D=5.0739 acc=4/30 infeas=17 calls=14351 sizes=[66, 62, 5, 98, 5, 9, 59, 13, 5, 5]
[d03_N0] done in 414.2s
== d03_N0: ok (414s)
[d07_C2] E0=0.0000 D0=6.4293  T_start=0.02577 T_end=0.0002488 alpha=0.99
[d05_N0.25] step  200 T=0.004591 E=-2.9531 D=5.4338 best E=-2.9677 (D=5.4362) best D=5.1363 acc=5/30 infeas=2 calls=6041 sizes=[24, 30, 5, 23, 5, 14, 24, 15, 24, 5]
[d04_N0.05] step  200 T=0.003481 E=-1.0136 D=5.5607 best E=-1.0212 (D=5.5637) best D=5.0616 acc=8/30 infeas=2 calls=6041 sizes=[53, 50, 5, 50, 5, 11, 53, 12, 34, 5]
[d06_C0] step  125 T=0.007336 E=-0.7227 D=6.0271 best E=-0.7484 (D=6.0352) best D=5.3168 acc=10/30 infeas=12 calls=3791 sizes=[46, 44, 5, 54, 5, 21, 39, 17, 40, 8]
[d05_N0.25] step  225 T=0.003571 E=-3.4216 D=5.2713 best E=-3.4216 (D=5.2713) best D=4.7638 acc=6/30 infeas=10 calls=6791 sizes=[23, 24, 5, 24, 5, 8, 26, 12, 14, 5]
[d07_C2] step   25 T=0.02004 E=0.0545 D=6.4069 best E=-0.2669 (D=6.4088) best D=6.2836 acc=9/30 infeas=15 calls=791 sizes=[48, 46, 5, 63, 5, 37, 52, 7, 18, 13]
[d04_N0.05] step  225 T=0.002708 E=-1.2781 D=5.4791 best E=-1.2938 (D=5.4851) best D=4.6697 acc=4/30 infeas=8 calls=6791 sizes=[45, 54, 5, 46, 5, 10, 55, 7, 27, 6]
[d06_C0] step  150 T=0.005706 E=-1.0960 D=5.6033 best E=-1.1339 (D=5.5999) best D=5.0355 acc=5/30 infeas=10 calls=4541 sizes=[47, 49, 5, 46, 5, 16, 39, 17, 31, 6]
[d05_N0.25] step  250 T=0.002777 E=-3.8741 D=4.9638 best E=-3.8741 (D=4.9638) best D=4.7638 acc=2/30 infeas=9 calls=7541 sizes=[18, 20, 5, 22, 5, 8, 21, 13, 10, 5]
[d04_N0.05] step  250 T=0.002106 E=-1.5297 D=5.1072 best E=-1.5330 (D=5.1072) best D=4.4832 acc=3/30 infeas=9 calls=7541 sizes=[41, 52, 5, 38, 5, 8, 43, 6, 24, 5]
[d07_C2] step   50 T=0.01559 E=-0.2198 D=5.7916 best E=-0.2669 (D=6.4088) best D=5.7777 acc=4/30 infeas=16 calls=1541 sizes=[53, 42, 5, 70, 5, 30, 58, 14, 37, 7]
[d06_C0] step  175 T=0.004438 E=-1.2953 D=5.2959 best E=-1.2953 (D=5.2959) best D=5.0052 acc=8/30 infeas=8 calls=5291 sizes=[48, 41, 5, 44, 5, 10, 39, 13, 35, 5]
[d05_N0.25] step  275 T=0.00216 E=-6.1009 D=4.9836 best E=-6.1009 (D=4.9836) best D=4.7072 acc=3/30 infeas=7 calls=8291 sizes=[19, 21, 5, 20, 5, 11, 5, 15, 5, 5]
[d04_N0.05] step  275 T=0.001638 E=-1.6923 D=5.0935 best E=-1.6939 (D=5.0965) best D=4.4832 acc=6/30 infeas=10 calls=8291 sizes=[25, 47, 5, 38, 5, 6, 44, 7, 19, 5]
[d06_C0] step  200 T=0.003452 E=-1.5772 D=5.2816 best E=-1.5772 (D=5.2816) best D=4.8558 acc=5/30 infeas=14 calls=6041 sizes=[42, 35, 5, 41, 5, 11, 40, 13, 26, 5]
[d07_C2] step   75 T=0.01213 E=-0.0278 D=5.8091 best E=-0.3270 (D=5.8788) best D=5.7499 acc=6/30 infeas=3 calls=2291 sizes=[55, 46, 5, 60, 6, 23, 61, 12, 46, 7]
[d05_N0.25] step  300 T=0.00168 E=-6.7351 D=4.8422 best E=-6.7351 (D=4.8422) best D=4.4877 acc=0/30 infeas=6 calls=9041 sizes=[15, 19, 5, 19, 5, 10, 5, 5, 5, 5]
[d04_N0.05] step  300 T=0.001274 E=-1.8506 D=5.0844 best E=-1.8506 (D=5.0844) best D=4.4832 acc=5/30 infeas=0 calls=9041 sizes=[27, 48, 5, 34, 5, 6, 39, 6, 12, 5]
[d06_C0] step  225 T=0.002685 E=-1.8267 D=5.2950 best E=-1.8388 (D=5.2942) best D=4.8558 acc=6/30 infeas=8 calls=6791 sizes=[33, 36, 5, 37, 5, 11, 31, 15, 20, 5]
[d05_N0.25] step  325 T=0.001307 E=-6.8580 D=4.8313 best E=-6.8580 (D=4.8313) best D=4.4798 acc=1/30 infeas=2 calls=9791 sizes=[13, 16, 5, 17, 5, 7, 5, 5, 5, 5]
[d07_C2] step  100 T=0.009432 E=-0.1476 D=5.8461 best E=-0.3270 (D=5.8788) best D=5.1687 acc=11/30 infeas=5 calls=3041 sizes=[52, 41, 5, 55, 5, 30, 60, 17, 38, 9]
[d05_N0.25] step  332 T=0.001218 E=-6.9054 D=4.7900 best E=-6.9054 (D=4.7900) best D=4.4522 acc=2/30 infeas=1 calls=10001 sizes=[7, 15, 5, 20, 5, 6, 5, 5, 5, 5]
[d05_N0.25] done in 236.0s
== d05_N0.25: ok (236s)
[d08_S0] E0=0.0000 D0=6.4293  T_start=0.01631 T_end=0.0004683 alpha=0.99
[d04_N0.05] step  325 T=0.0009911 E=-2.0979 D=4.8599 best E=-2.0979 (D=4.8599) best D=4.4832 acc=3/30 infeas=12 calls=9791 sizes=[15, 47, 5, 29, 5, 8, 35, 12, 5, 5]
[d06_C0] step  250 T=0.002089 E=-2.2358 D=5.1817 best E=-2.2425 (D=5.1817) best D=4.8558 acc=1/30 infeas=12 calls=7541 sizes=[29, 33, 5, 30, 5, 11, 33, 11, 7, 5]
[d07_C2] step  125 T=0.007336 E=-0.4889 D=5.6329 best E=-0.4967 (D=5.6326) best D=5.1687 acc=7/30 infeas=4 calls=3791 sizes=[50, 42, 5, 60, 5, 18, 50, 14, 44, 7]
[d08_S0] step   25 T=0.01269 E=-1.2836 D=6.3624 best E=-1.3880 (D=6.3767) best D=5.4345 acc=9/30 infeas=12 calls=791 sizes=[34, 51, 5, 68, 5, 52, 47, 5, 24, 11]
[d04_N0.05] step  350 T=0.0007709 E=-2.4264 D=4.8076 best E=-2.4264 (D=4.8076) best D=4.4832 acc=1/30 infeas=8 calls=10541 sizes=[5, 40, 5, 31, 5, 8, 28, 11, 5, 7]
[d06_C0] step  275 T=0.001625 E=-2.7937 D=4.9197 best E=-2.7937 (D=4.9197) best D=4.8558 acc=2/30 infeas=16 calls=8291 sizes=[20, 26, 5, 31, 5, 10, 30, 9, 5, 5]
[d07_C2] step  150 T=0.005706 E=-0.8392 D=5.5309 best E=-0.8695 (D=5.5770) best D=5.0049 acc=7/30 infeas=9 calls=4541 sizes=[52, 43, 5, 50, 5, 11, 50, 13, 41, 6]
[d04_N0.05] step  375 T=0.0005996 E=-2.5066 D=4.7538 best E=-2.5066 (D=4.7538) best D=4.4832 acc=1/30 infeas=11 calls=11291 sizes=[5, 37, 5, 25, 5, 7, 20, 10, 5, 5]
[d04_N0.05] step  380 T=0.0005702 E=-2.5433 D=4.7233 best E=-2.5433 (D=4.7233) best D=4.4832 acc=2/30 infeas=3 calls=11441 sizes=[5, 36, 5, 23, 5, 7, 20, 9, 5, 5]
[d08_S0] step   50 T=0.009868 E=-2.1611 D=6.2799 best E=-2.2149 (D=6.2557) best D=5.4345 acc=10/30 infeas=10 calls=1541 sizes=[30, 70, 5, 76, 7, 52, 50, 5, 39, 5]
[d04_N0.05] done in 284.8s
== d04_N0.05: ok (285s)
[d06_C0] step  300 T=0.001264 E=-3.5589 D=5.0554 best E=-3.5589 (D=5.0554) best D=4.7290 acc=2/30 infeas=0 calls=9041 sizes=[22, 16, 5, 26, 5, 8, 31, 9, 5, 5]
[d09_S2] E0=0.0000 D0=6.4293  T_start=0.09131 T_end=0.0008811 alpha=0.99
[d07_C2] step  175 T=0.004438 E=-1.3086 D=5.2287 best E=-1.3103 (D=5.2287) best D=5.0049 acc=7/30 infeas=12 calls=5291 sizes=[43, 38, 5, 48, 5, 10, 39, 15, 40, 5]
[d06_C0] step  325 T=0.0009829 E=-5.5063 D=4.8486 best E=-5.5063 (D=4.8486) best D=4.4858 acc=3/30 infeas=1 calls=9791 sizes=[23, 5, 5, 22, 5, 6, 28, 7, 5, 5]
[d08_S0] step   75 T=0.007676 E=-3.0117 D=6.1518 best E=-3.0362 (D=6.1528) best D=5.4345 acc=9/30 infeas=14 calls=2291 sizes=[35, 55, 5, 66, 5, 56, 55, 5, 42, 6]
[d09_S2] step   25 T=0.07102 E=2.6748 D=6.4302 best E=-0.0495 (D=6.4399) best D=5.5056 acc=15/30 infeas=6 calls=791 sizes=[62, 27, 5, 48, 6, 40, 52, 14, 27, 7]
[d07_C2] step  200 T=0.003452 E=-1.5792 D=5.1508 best E=-1.5805 (D=5.1521) best D=4.9000 acc=4/30 infeas=4 calls=6041 sizes=[33, 35, 5, 47, 5, 8, 40, 14, 30, 6]
[d06_C0] step  350 T=0.0007645 E=-5.7364 D=4.8107 best E=-5.7364 (D=4.8107) best D=4.4605 acc=3/30 infeas=0 calls=10541 sizes=[13, 5, 5, 22, 5, 7, 17, 5, 5, 5]
[d08_S0] step  100 T=0.00597 E=-3.4938 D=5.9991 best E=-3.5277 (D=6.0193) best D=5.4345 acc=5/30 infeas=16 calls=3041 sizes=[34, 49, 5, 59, 5, 51, 61, 5, 36, 6]
[d07_C2] step  225 T=0.002685 E=-1.9411 D=5.1299 best E=-1.9411 (D=5.1299) best D=4.8049 acc=7/30 infeas=6 calls=6791 sizes=[23, 36, 5, 40, 5, 9, 32, 15, 22, 6]
[d09_S2] step   50 T=0.05524 E=-0.5609 D=6.7090 best E=-0.5609 (D=6.7090) best D=5.5056 acc=11/30 infeas=8 calls=1541 sizes=[75, 7, 6, 42, 5, 38, 64, 32, 52, 7]
[d06_C0] step  375 T=0.0005947 E=-5.8848 D=4.8788 best E=-5.8848 (D=4.8788) best D=4.4438 acc=1/30 infeas=0 calls=11291 sizes=[5, 5, 5, 19, 5, 6, 19, 5, 5, 5]
[d07_C2] step  250 T=0.002089 E=-2.1298 D=5.1519 best E=-2.1301 (D=5.1519) best D=4.8049 acc=1/30 infeas=0 calls=7541 sizes=[20, 34, 5, 27, 5, 9, 29, 12, 21, 6]
[d08_S0] step  125 T=0.004644 E=-3.9472 D=6.0605 best E=-3.9472 (D=6.0605) best D=5.4156 acc=12/30 infeas=7 calls=3791 sizes=[27, 47, 5, 49, 5, 44, 48, 5, 32, 7]
[d06_C0] step  400 T=0.0004625 E=-5.9269 D=4.8827 best E=-5.9269 (D=4.8827) best D=4.4438 acc=0/30 infeas=1 calls=12041 sizes=[5, 5, 5, 12, 5, 5, 17, 5, 5, 5]
[d09_S2] step   75 T=0.04297 E=-3.9781 D=5.8668 best E=-3.9973 (D=5.8855) best D=5.4874 acc=14/30 infeas=5 calls=2291 sizes=[94, 5, 5, 32, 5, 22, 72, 44, 69, 6]
[d07_C2] step  275 T=0.001625 E=-3.2669 D=4.8505 best E=-3.2669 (D=4.8505) best D=4.6789 acc=4/30 infeas=2 calls=8291 sizes=[14, 19, 5, 35, 5, 9, 31, 5, 17, 5]
[d06_C0] step  425 T=0.0003598 E=-5.9544 D=4.8723 best E=-5.9544 (D=4.8723) best D=4.4438 acc=0/30 infeas=2 calls=12791 sizes=[5, 5, 5, 14, 5, 5, 10, 5, 5, 5]
[d08_S0] step  150 T=0.003612 E=-4.1717 D=5.8541 best E=-4.1782 (D=5.8541) best D=5.4156 acc=3/30 infeas=15 calls=4541 sizes=[31, 37, 5, 42, 5, 44, 44, 5, 29, 5]
[d09_S2] step  100 T=0.03342 E=-8.3863 D=5.8836 best E=-8.4109 (D=5.8836) best D=5.4874 acc=10/30 infeas=1 calls=3041 sizes=[92, 5, 5, 18, 5, 23, 54, 42, 71, 7]
[d07_C2] step  300 T=0.001264 E=-4.6192 D=4.7857 best E=-4.6192 (D=4.7857) best D=4.5324 acc=1/30 infeas=4 calls=9041 sizes=[20, 5, 5, 29, 5, 9, 33, 5, 5, 6]
[d06_C0] step  450 T=0.0002798 E=-6.0142 D=4.8607 best E=-6.0142 (D=4.8607) best D=4.4438 acc=0/30 infeas=2 calls=13541 sizes=[5, 5, 5, 12, 5, 5, 7, 5, 5, 5]
[d06_C0] step  462 T=0.000248 E=-6.0555 D=4.8607 best E=-6.0555 (D=4.8607) best D=4.4438 acc=0/30 infeas=1 calls=13901 sizes=[5, 5, 5, 12, 5, 5, 5, 5, 5, 5]
[d06_C0] done in 324.7s
== d06_C0: ok (325s)
[d08_S0] step  175 T=0.002809 E=-4.3906 D=5.7206 best E=-4.4025 (D=5.7383) best D=5.4156 acc=5/30 infeas=10 calls=5291 sizes=[20, 41, 5, 34, 5, 37, 47, 5, 26, 6]
[d10_V0] E0=0.0000 D0=6.4293  T_start=0.03442 T_end=0.0009655 alpha=0.99
[d07_C2] step  325 T=0.0009829 E=-5.1064 D=4.5143 best E=-5.1064 (D=4.5143) best D=4.3388 acc=0/30 infeas=0 calls=9791 sizes=[21, 5, 5, 23, 5, 7, 28, 5, 5, 5]
[d09_S2] step  125 T=0.026 E=-17.0300 D=6.0064 best E=-17.0716 (D=6.0064) best D=5.4874 acc=7/30 infeas=6 calls=3791 sizes=[87, 5, 5, 6, 5, 20, 60, 50, 77, 6]
[d07_C2] step  350 T=0.0007645 E=-5.5090 D=4.5401 best E=-5.5090 (D=4.5401) best D=4.3168 acc=2/30 infeas=2 calls=10541 sizes=[14, 5, 5, 18, 5, 9, 18, 5, 5, 5]
[d08_S0] step  200 T=0.002185 E=-4.9718 D=5.1737 best E=-4.9718 (D=5.1737) best D=5.0802 acc=6/30 infeas=0 calls=6041 sizes=[14, 30, 5, 32, 5, 30, 32, 5, 21, 5]
[d10_V0] step   25 T=0.02677 E=1.2277 D=6.5164 best E=-0.0181 (D=6.4410) best D=6.0976 acc=14/30 infeas=7 calls=791 sizes=[60, 28, 5, 41, 6, 45, 53, 8, 34, 14]
[d09_S2] step  150 T=0.02022 E=-18.3391 D=5.5926 best E=-18.3533 (D=5.5926) best D=5.2652 acc=6/30 infeas=8 calls=4541 sizes=[81, 5, 5, 5, 5, 19, 56, 37, 76, 5]
[d07_C2] step  375 T=0.0005947 E=-5.5943 D=4.5256 best E=-5.5943 (D=4.5256) best D=4.3168 acc=0/30 infeas=3 calls=11291 sizes=[10, 5, 5, 11, 5, 11, 17, 5, 5, 5]
[d08_S0] step  225 T=0.0017 E=-5.1382 D=5.1196 best E=-5.1382 (D=5.1196) best D=4.8043 acc=5/30 infeas=5 calls=6791 sizes=[17, 27, 5, 29, 5, 27, 19, 5, 16, 5]
[d09_S2] step  175 T=0.01573 E=-19.9533 D=5.4677 best E=-19.9533 (D=5.4677) best D=4.9245 acc=7/30 infeas=5 calls=5291 sizes=[77, 5, 5, 5, 5, 20, 40, 29, 76, 5]
[d07_C2] step  400 T=0.0004625 E=-5.8058 D=4.5182 best E=-5.8058 (D=4.5182) best D=4.2874 acc=1/30 infeas=4 calls=12041 sizes=[5, 5, 5, 14, 5, 6, 16, 5, 5, 5]
[d10_V0] step   50 T=0.02082 E=0.8793 D=6.6136 best E=-0.0181 (D=6.4410) best D=6.0976 acc=9/30 infeas=9 calls=1541 sizes=[59, 27, 5, 43, 5, 40, 55, 9, 48, 16]
[d08_S0] step  250 T=0.001322 E=-5.2780 D=5.1360 best E=-5.2780 (D=5.1360) best D=4.8043 acc=2/30 infeas=2 calls=7541 sizes=[18, 19, 5, 26, 5, 20, 23, 5, 11, 5]
[d07_C2] step  425 T=0.0003598 E=-5.8289 D=4.5096 best E=-5.8289 (D=4.5096) best D=4.2849 acc=2/30 infeas=5 calls=12791 sizes=[5, 5, 5, 12, 5, 5, 12, 5, 5, 5]
[d09_S2] step  200 T=0.01223 E=-22.5400 D=5.4844 best E=-22.5703 (D=5.4844) best D=4.9245 acc=6/30 infeas=7 calls=6041 sizes=[77, 5, 5, 5, 5, 22, 16, 22, 67, 5]
[d08_S0] step  275 T=0.001028 E=-5.3589 D=5.1331 best E=-5.3596 (D=5.1331) best D=4.8043 acc=1/30 infeas=4 calls=8291 sizes=[16, 16, 5, 21, 5, 16, 16, 5, 12, 5]
[d10_V0] step   75 T=0.0162 E=0.1359 D=6.4135 best E=-0.0181 (D=6.4410) best D=5.3920 acc=9/30 infeas=7 calls=2291 sizes=[63, 26, 5, 28, 5, 34, 61, 5, 54, 11]
[d07_C2] step  450 T=0.0002798 E=-5.8508 D=4.4877 best E=-5.8508 (D=4.4877) best D=4.2849 acc=0/30 infeas=11 calls=13541 sizes=[5, 5, 5, 10, 5, 5, 10, 5, 5, 5]
[d07_C2] step  462 T=0.000248 E=-5.8527 D=4.4877 best E=-5.8527 (D=4.4877) best D=4.2849 acc=0/30 infeas=6 calls=13901 sizes=[5, 5, 5, 9, 5, 5, 10, 5, 5, 5]
[d07_C2] done in 299.7s
== d07_C2: ok (300s)
[d09_S2] step  225 T=0.009516 E=-27.8823 D=5.3913 best E=-27.8823 (D=5.3913) best D=4.9245 acc=5/30 infeas=2 calls=6791 sizes=[70, 5, 5, 6, 5, 19, 5, 18, 55, 5]
[d11_V2] E0=0.0000 D0=6.4293  T_start=0.05126 T_end=0.0003398 alpha=0.99
[d08_S0] step  300 T=0.0007999 E=-5.4119 D=5.1025 best E=-5.4119 (D=5.1025) best D=4.8043 acc=2/30 infeas=0 calls=9041 sizes=[16, 14, 5, 17, 5, 17, 12, 5, 9, 5]
[d10_V0] step  100 T=0.0126 E=-1.9353 D=6.3070 best E=-1.9862 (D=6.1627) best D=5.3920 acc=9/30 infeas=3 calls=3041 sizes=[58, 21, 5, 13, 7, 36, 55, 11, 67, 13]
[d09_S2] step  250 T=0.007401 E=-28.6030 D=5.3310 best E=-28.6335 (D=5.3310) best D=4.7927 acc=2/30 infeas=3 calls=7541 sizes=[66, 5, 5, 5, 5, 18, 5, 9, 51, 5]
[d08_S0] step  325 T=0.0006222 E=-5.4892 D=4.9226 best E=-5.4892 (D=4.9226) best D=4.7028 acc=2/30 infeas=1 calls=9791 sizes=[17, 15, 5, 15, 5, 14, 5, 5, 8, 5]
[d11_V2] step   25 T=0.03987 E=-6.8003 D=6.6419 best E=-6.9596 (D=6.5258) best D=5.4285 acc=12/30 infeas=11 calls=791 sizes=[39, 49, 5, 56, 5, 56, 73, 6, 32, 10]
[d10_V0] step  125 T=0.009799 E=-3.6618 D=5.4899 best E=-3.6619 (D=5.5036) best D=5.3920 acc=11/30 infeas=2 calls=3791 sizes=[65, 5, 5, 5, 5, 30, 55, 14, 73, 7]
[d09_S2] step  275 T=0.005757 E=-29.4669 D=5.3241 best E=-29.4679 (D=5.3217) best D=4.7457 acc=1/30 infeas=8 calls=8291 sizes=[45, 5, 5, 6, 5, 20, 5, 5, 50, 5]
[d08_S0] step  350 T=0.0004839 E=-5.5088 D=4.9175 best E=-5.5088 (D=4.9175) best D=4.6821 acc=0/30 infeas=0 calls=10541 sizes=[18, 14, 5, 14, 5, 11, 5, 5, 8, 5]
[d08_S0] step  354 T=0.0004649 E=-5.5124 D=4.9173 best E=-5.5124 (D=4.9173) best D=4.6821 acc=2/30 infeas=1 calls=10661 sizes=[17, 14, 5, 13, 5, 12, 5, 5, 6, 5]
[d08_S0] done in 247.4s
== d08_S0: ok (247s)
[d12_P0] E0=0.0000 D0=6.4293  T_start=0.02003 T_end=0.0005614 alpha=0.99
[d09_S2] step  300 T=0.004478 E=-29.7478 D=5.3314 best E=-29.7492 (D=5.3299) best D=4.7457 acc=0/30 infeas=10 calls=9041 sizes=[36, 5, 5, 6, 5, 21, 5, 5, 47, 5]
[d11_V2] step   50 T=0.03101 E=-8.5416 D=6.5560 best E=-8.5491 (D=6.5340) best D=5.4285 acc=14/30 infeas=9 calls=1541 sizes=[38, 54, 5, 71, 5, 60, 77, 16, 44, 7]
[d10_V0] step  150 T=0.007622 E=-4.6644 D=5.0413 best E=-4.6644 (D=5.0413) best D=4.6233 acc=6/30 infeas=11 calls=4541 sizes=[66, 5, 5, 5, 5, 21, 40, 12, 61, 5]
[d12_P0] step   25 T=0.01558 E=0.0304 D=6.5296 best E=-0.0465 (D=6.6063) best D=6.2337 acc=12/30 infeas=8 calls=791 sizes=[49, 41, 5, 56, 5, 33, 36, 9, 40, 14]
[d09_S2] step  325 T=0.003483 E=-30.0019 D=5.3213 best E=-30.0114 (D=5.3254) best D=4.7457 acc=2/30 infeas=4 calls=9791 sizes=[37, 5, 5, 6, 5, 17, 5, 5, 38, 5]
[d10_V0] step  175 T=0.005928 E=-5.7691 D=4.9193 best E=-5.7691 (D=4.9193) best D=4.6233 acc=6/30 infeas=0 calls=5291 sizes=[56, 5, 5, 5, 5, 21, 18, 5, 56, 7]
[d11_V2] step   75 T=0.02412 E=-9.2816 D=6.5583 best E=-9.4004 (D=6.5636) best D=5.4285 acc=11/30 infeas=9 calls=2291 sizes=[31, 60, 5, 76, 5, 63, 84, 30, 48, 7]
[d09_S2] step  350 T=0.002709 E=-30.3159 D=5.3157 best E=-30.3159 (D=5.3157) best D=4.7456 acc=2/30 infeas=4 calls=10541 sizes=[32, 5, 5, 5, 5, 17, 5, 5, 27, 5]
[d10_V0] step  200 T=0.004611 E=-7.0180 D=4.9901 best E=-7.0180 (D=4.9901) best D=4.5813 acc=1/30 infeas=3 calls=6041 sizes=[52, 5, 5, 5, 5, 17, 5, 5, 55, 5]
[d12_P0] step   50 T=0.01212 E=-0.0774 D=5.9501 best E=-0.1346 (D=5.9324) best D=5.5873 acc=10/30 infeas=14 calls=1541 sizes=[55, 46, 5, 68, 5, 20, 32, 14, 44, 8]
[d09_S2] step  375 T=0.002107 E=-30.5277 D=5.3301 best E=-30.5336 (D=5.3301) best D=4.7417 acc=2/30 infeas=6 calls=11291 sizes=[28, 5, 5, 5, 5, 20, 5, 5, 22, 5]
[d10_V0] step  225 T=0.003587 E=-7.4678 D=4.9210 best E=-7.4678 (D=4.9210) best D=4.4919 acc=3/30 infeas=0 calls=6791 sizes=[44, 5, 5, 5, 5, 14, 5, 5, 36, 5]
[d11_V2] step  100 T=0.01876 E=-10.0275 D=6.4092 best E=-10.1149 (D=6.3369) best D=5.4285 acc=11/30 infeas=12 calls=3041 sizes=[32, 62, 5, 77, 5, 68, 79, 30, 63, 5]
[d12_P0] step   75 T=0.009425 E=-0.5398 D=5.3966 best E=-0.5398 (D=5.3966) best D=5.1834 acc=5/30 infeas=16 calls=2291 sizes=[50, 61, 5, 58, 5, 14, 35, 15, 53, 5]
[d09_S2] step  400 T=0.001639 E=-30.6025 D=5.3214 best E=-30.6025 (D=5.3214) best D=4.7417 acc=0/30 infeas=5 calls=12041 sizes=[23, 5, 5, 5, 5, 19, 5, 5, 21, 5]
[d10_V0] step  250 T=0.00279 E=-7.7967 D=4.9010 best E=-7.7967 (D=4.9010) best D=4.4919 acc=3/30 infeas=1 calls=7541 sizes=[34, 5, 5, 5, 5, 9, 5, 5, 28, 5]
[d11_V2] step  125 T=0.01459 E=-10.6031 D=6.1987 best E=-10.6394 (D=6.1947) best D=5.4285 acc=11/30 infeas=7 calls=3791 sizes=[30, 61, 5, 75, 5, 69, 76, 35, 54, 6]
[d09_S2] step  425 T=0.001275 E=-30.6730 D=5.3107 best E=-30.6757 (D=5.3106) best D=4.7012 acc=0/30 infeas=7 calls=12791 sizes=[18, 5, 5, 6, 5, 19, 5, 5, 19, 5]
[d12_P0] step  100 T=0.007331 E=-0.6349 D=5.4135 best E=-0.6778 (D=5.4682) best D=5.1834 acc=5/30 infeas=14 calls=3041 sizes=[50, 69, 5, 62, 5, 16, 34, 15, 41, 5]
[d10_V0] step  275 T=0.00217 E=-7.9928 D=4.8506 best E=-7.9928 (D=4.8506) best D=4.4338 acc=3/30 infeas=2 calls=8291 sizes=[21, 5, 5, 6, 5, 7, 5, 5, 28, 5]
[d09_S2] step  450 T=0.0009916 E=-31.2211 D=5.1463 best E=-31.2211 (D=5.1463) best D=4.7012 acc=2/30 infeas=2 calls=13541 sizes=[12, 5, 5, 5, 5, 11, 5, 5, 16, 5]
[d10_V0] step  300 T=0.001688 E=-8.1124 D=4.8759 best E=-8.1124 (D=4.8759) best D=4.3859 acc=0/30 infeas=0 calls=9041 sizes=[17, 5, 5, 5, 5, 9, 5, 5, 20, 5]
[d11_V2] step  150 T=0.01135 E=-10.9301 D=6.0045 best E=-10.9600 (D=6.1010) best D=5.4285 acc=10/30 infeas=8 calls=4541 sizes=[21, 61, 5, 73, 5, 60, 70, 36, 56, 5]
[d12_P0] step  125 T=0.005702 E=-1.0906 D=5.5138 best E=-1.1073 (D=5.4727) best D=5.1834 acc=10/30 infeas=6 calls=3791 sizes=[47, 51, 5, 59, 5, 16, 20, 19, 51, 5]
[d09_S2] step  462 T=0.000879 E=-31.6072 D=5.1463 best E=-31.6072 (D=5.1463) best D=4.7012 acc=1/30 infeas=2 calls=13901 sizes=[11, 5, 5, 5, 5, 11, 5, 5, 13, 5]
[d09_S2] done in 305.4s
== d09_S2: ok (305s)
[d13_P2] E0=0.0000 D0=6.4293  T_start=0.032 T_end=0.0008589 alpha=0.99
[d10_V0] step  325 T=0.001313 E=-8.1807 D=4.8270 best E=-8.1807 (D=4.8270) best D=4.3859 acc=0/30 infeas=0 calls=9791 sizes=[13, 5, 5, 5, 5, 6, 5, 5, 19, 5]
[d12_P0] step  150 T=0.004435 E=-2.1759 D=5.2120 best E=-2.1759 (D=5.2120) best D=4.7385 acc=3/30 infeas=2 calls=4541 sizes=[47, 53, 5, 58, 5, 12, 5, 11, 53, 6]
[d10_V0] step  350 T=0.001021 E=-8.2719 D=4.8456 best E=-8.2719 (D=4.8456) best D=4.3859 acc=0/30 infeas=1 calls=10541 sizes=[13, 5, 5, 5, 5, 7, 5, 5, 12, 5]
[d11_V2] step  175 T=0.008829 E=-11.5287 D=5.8675 best E=-11.5407 (D=5.8789) best D=5.4285 acc=12/30 infeas=4 calls=5291 sizes=[20, 58, 5, 65, 5, 64, 53, 35, 47, 5]
[d10_V0] step  356 T=0.0009614 E=-8.2774 D=4.8307 best E=-8.2774 (D=4.8307) best D=4.3859 acc=0/30 infeas=0 calls=10721 sizes=[14, 5, 5, 5, 5, 6, 5, 5, 11, 5]
[d10_V0] done in 227.0s
== d10_V0: ok (227s)
[d14_structural_only] E0=0.0000 D0=6.4293  T_start=0.05196 T_end=0.00115 alpha=0.99
[d13_P2] step   25 T=0.02489 E=0.2018 D=6.1599 best E=-0.0790 (D=6.1865) best D=5.6091 acc=9/30 infeas=15 calls=791 sizes=[54, 39, 5, 62, 5, 43, 53, 7, 13, 9]
[d12_P0] step  175 T=0.00345 E=-2.8114 D=4.8580 best E=-2.8200 (D=4.8580) best D=4.6439 acc=5/30 infeas=0 calls=5291 sizes=[30, 41, 5, 57, 5, 12, 5, 10, 52, 5]
[d11_V2] step  200 T=0.006868 E=-11.8128 D=5.7780 best E=-11.8128 (D=5.7780) best D=5.4285 acc=8/30 infeas=8 calls=6041 sizes=[17, 53, 5, 66, 5, 53, 54, 32, 40, 7]
[d14_structural_only] step   25 T=0.04042 E=0.1958 D=6.5999 best E=-0.2092 (D=6.5931) best D=6.2649 acc=10/30 infeas=6 calls=791 sizes=[51, 37, 5, 60, 5, 36, 59, 10, 26, 10]
[d13_P2] step   50 T=0.01936 E=-0.1230 D=6.1611 best E=-0.1751 (D=6.1725) best D=5.6091 acc=10/30 infeas=10 calls=1541 sizes=[63, 49, 5, 51, 6, 40, 67, 9, 16, 5]
[d12_P0] step  200 T=0.002683 E=-3.5687 D=4.7526 best E=-3.5687 (D=4.7526) best D=4.5442 acc=4/30 infeas=1 calls=6041 sizes=[21, 40, 5, 47, 5, 10, 5, 5, 42, 5]
[d11_V2] step  225 T=0.005342 E=-12.4659 D=5.7047 best E=-12.4770 (D=5.7044) best D=5.3038 acc=6/30 infeas=4 calls=6791 sizes=[19, 54, 5, 51, 5, 54, 47, 28, 36, 5]
[d14_structural_only] step   50 T=0.03144 E=1.1262 D=6.5567 best E=-0.2092 (D=6.5931) best D=6.2649 acc=8/30 infeas=13 calls=1541 sizes=[68, 44, 5, 72, 5, 25, 68, 16, 37, 9]
[d13_P2] step   75 T=0.01506 E=-0.3817 D=6.1903 best E=-0.5095 (D=6.1596) best D=5.6091 acc=8/30 infeas=12 calls=2291 sizes=[64, 49, 5, 53, 5, 34, 66, 11, 7, 6]
[d12_P0] step  225 T=0.002087 E=-3.8295 D=4.6978 best E=-3.8295 (D=4.6978) best D=4.4937 acc=0/30 infeas=1 calls=6791 sizes=[18, 36, 5, 37, 5, 9, 5, 5, 34, 5]
[d11_V2] step  250 T=0.004155 E=-12.9673 D=5.5468 best E=-12.9752 (D=5.5463) best D=5.3038 acc=7/30 infeas=3 calls=7541 sizes=[11, 44, 5, 48, 5, 34, 49, 25, 33, 5]
[d12_P0] step  250 T=0.001624 E=-4.1095 D=4.7287 best E=-4.1095 (D=4.7287) best D=4.4143 acc=1/30 infeas=8 calls=7541 sizes=[12, 29, 5, 33, 5, 7, 5, 5, 23, 5]
[d14_structural_only] step   75 T=0.02445 E=0.5566 D=6.2158 best E=-0.2092 (D=6.5931) best D=5.8020 acc=13/30 infeas=11 calls=2291 sizes=[63, 54, 5, 70, 5, 23, 85, 19, 42, 7]
[d13_P2] step  100 T=0.01171 E=-0.5966 D=5.8609 best E=-0.5966 (D=5.8609) best D=5.6091 acc=10/30 infeas=11 calls=3041 sizes=[62, 51, 5, 63, 5, 30, 62, 6, 9, 5]
[d11_V2] step  275 T=0.003232 E=-13.2967 D=5.4997 best E=-13.2967 (D=5.4997) best D=4.8903 acc=3/30 infeas=0 calls=8291 sizes=[6, 46, 5, 39, 5, 36, 38, 22, 29, 5]
[d12_P0] step  275 T=0.001263 E=-4.3913 D=4.6788 best E=-4.3980 (D=4.6779) best D=4.4143 acc=1/30 infeas=2 calls=8291 sizes=[5, 27, 5, 18, 5, 6, 5, 5, 22, 5]
[d14_structural_only] step  100 T=0.01902 E=0.4306 D=6.3032 best E=-0.2092 (D=6.5931) best D=5.8020 acc=13/30 infeas=6 calls=3041 sizes=[59, 53, 5, 72, 5, 26, 67, 15, 60, 8]
[d12_P0] step  300 T=0.0009822 E=-4.5178 D=4.6535 best E=-4.5195 (D=4.6528) best D=4.3320 acc=3/30 infeas=1 calls=9041 sizes=[5, 24, 5, 21, 5, 7, 5, 5, 11, 5]
[d13_P2] step  125 T=0.00911 E=-0.8436 D=5.5827 best E=-0.8436 (D=5.5827) best D=5.5649 acc=8/30 infeas=9 calls=3791 sizes=[56, 44, 5, 64, 5, 24, 61, 7, 9, 5]
[d11_V2] step  300 T=0.002514 E=-13.7043 D=5.4876 best E=-13.7043 (D=5.4876) best D=4.8132 acc=8/30 infeas=0 calls=9041 sizes=[5, 33, 5, 42, 5, 29, 38, 18, 22, 5]
[d12_P0] step  325 T=0.000764 E=-4.6209 D=4.6439 best E=-4.6209 (D=4.6439) best D=4.3320 acc=1/30 infeas=2 calls=9791 sizes=[5, 20, 5, 17, 5, 5, 5, 5, 6, 5]
[d11_V2] step  325 T=0.001955 E=-14.1959 D=5.1644 best E=-14.1959 (D=5.1644) best D=4.8132 acc=4/30 infeas=2 calls=9791 sizes=[5, 33, 5, 36, 5, 22, 33, 22, 15, 5]
[d14_structural_only] step  125 T=0.01479 E=-0.0337 D=6.1937 best E=-0.2092 (D=6.5931) best D=5.8020 acc=10/30 infeas=11 calls=3791 sizes=[52, 53, 5, 71, 6, 34, 56, 14, 49, 8]
[d13_P2] step  150 T=0.007086 E=-1.2191 D=5.4533 best E=-1.2239 (D=5.4594) best D=5.1906 acc=7/30 infeas=7 calls=4541 sizes=[55, 44, 5, 52, 5, 21, 59, 8, 8, 5]
[d12_P0] step  350 T=0.0005943 E=-4.7260 D=4.6428 best E=-4.7271 (D=4.6397) best D=4.3320 acc=0/30 infeas=1 calls=10541 sizes=[5, 18, 5, 17, 5, 6, 5, 5, 5, 5]
[d12_P0] step  356 T=0.0005595 E=-4.7457 D=4.6394 best E=-4.7457 (D=4.6394) best D=4.3320 acc=0/30 infeas=0 calls=10721 sizes=[5, 14, 5, 15, 5, 6, 5, 5, 5, 5]
[d12_P0] done in 244.9s
== d12_P0: ok (245s)
[d11_V2] step  350 T=0.001521 E=-14.6869 D=5.0407 best E=-14.6869 (D=5.0407) best D=4.7168 acc=1/30 infeas=1 calls=10541 sizes=[5, 32, 5, 30, 5, 19, 26, 21, 11, 5]
[d14_structural_only] step  150 T=0.01151 E=-0.4300 D=6.0222 best E=-0.4300 (D=6.0222) best D=5.8020 acc=7/30 infeas=14 calls=4541 sizes=[56, 51, 5, 58, 5, 30, 59, 16, 46, 6]
[d13_P2] step  175 T=0.005511 E=-1.6350 D=5.3300 best E=-1.6451 (D=5.3232) best D=5.1747 acc=6/30 infeas=1 calls=5291 sizes=[44, 37, 5, 51, 5, 19, 48, 7, 7, 5]
[d11_V2] step  375 T=0.001183 E=-14.9852 D=5.0865 best E=-14.9852 (D=5.0865) best D=4.7168 acc=3/30 infeas=1 calls=11291 sizes=[5, 22, 5, 22, 5, 16, 24, 19, 5, 5]
[d13_P2] step  200 T=0.004287 E=-1.8255 D=5.0359 best E=-1.8333 (D=5.0368) best D=4.6821 acc=5/30 infeas=4 calls=6041 sizes=[44, 40, 5, 42, 5, 13, 47, 7, 6, 5]
[d14_structural_only] step  175 T=0.008951 E=-0.8592 D=6.1731 best E=-0.8738 (D=6.1539) best D=5.8020 acc=11/30 infeas=4 calls=5291 sizes=[65, 42, 5, 53, 5, 27, 51, 15, 34, 8]
[d11_V2] step  400 T=0.0009201 E=-15.0795 D=5.0782 best E=-15.0795 (D=5.0782) best D=4.7168 acc=1/30 infeas=1 calls=12041 sizes=[5, 22, 5, 19, 5, 12, 19, 15, 5, 5]
[d13_P2] step  225 T=0.003334 E=-2.2970 D=5.0054 best E=-2.3042 (D=5.0054) best D=4.6821 acc=7/30 infeas=11 calls=6791 sizes=[33, 33, 5, 40, 5, 12, 36, 5, 5, 5]
[d11_V2] step  425 T=0.0007157 E=-15.1476 D=5.0626 best E=-15.1476 (D=5.0626) best D=4.6450 acc=0/30 infeas=3 calls=12791 sizes=[5, 17, 5, 12, 5, 8, 15, 14, 5, 5]
[d14_structural_only] step  200 T=0.006962 E=-1.5797 D=6.2769 best E=-1.5969 (D=6.2837) best D=5.5675 acc=9/30 infeas=11 calls=6041 sizes=[51, 46, 5, 58, 5, 25, 43, 14, 29, 8]
[d13_P2] step  250 T=0.002594 E=-2.4572 D=4.9949 best E=-2.4699 (D=4.9949) best D=4.6821 acc=5/30 infeas=12 calls=7541 sizes=[32, 32, 5, 35, 5, 11, 30, 6, 5, 5]
[d11_V2] step  450 T=0.0005567 E=-15.2688 D=5.0318 best E=-15.2688 (D=5.0318) best D=4.6450 acc=0/30 infeas=2 calls=13541 sizes=[5, 14, 5, 13, 5, 5, 14, 13, 5, 5]
[d14_structural_only] step  225 T=0.005415 E=-1.8023 D=6.2087 best E=-1.8023 (D=6.2087) best D=5.4716 acc=10/30 infeas=10 calls=6791 sizes=[39, 48, 5, 57, 5, 18, 55, 13, 24, 6]
[d13_P2] step  275 T=0.002017 E=-2.6842 D=4.9516 best E=-2.6842 (D=4.9516) best D=4.6498 acc=3/30 infeas=8 calls=8291 sizes=[25, 27, 5, 33, 5, 10, 29, 7, 5, 5]
[d11_V2] step  475 T=0.000433 E=-15.4239 D=5.0442 best E=-15.4247 (D=5.0432) best D=4.6450 acc=1/30 infeas=1 calls=14291 sizes=[5, 16, 5, 12, 5, 6, 9, 14, 5, 5]
[d13_P2] step  300 T=0.001569 E=-4.5145 D=5.1821 best E=-4.5145 (D=5.1821) best D=4.6498 acc=0/30 infeas=10 calls=9041 sizes=[11, 27, 5, 29, 5, 6, 30, 5, 5, 5]
[d14_structural_only] step  250 T=0.004212 E=-2.2659 D=6.2060 best E=-2.2756 (D=6.2060) best D=5.4716 acc=3/30 infeas=12 calls=7541 sizes=[39, 43, 5, 50, 5, 15, 46, 12, 13, 6]
[d11_V2] step  500 T=0.0003368 E=-15.4622 D=5.0240 best E=-15.4622 (D=5.0240) best D=4.5994 acc=1/30 infeas=1 calls=15041 sizes=[5, 12, 5, 15, 5, 6, 5, 14, 5, 5]
[d11_V2] done in 372.6s
== d11_V2: ok (373s)
[d13_P2] step  325 T=0.001221 E=-6.2693 D=4.9548 best E=-6.2694 (D=4.9635) best D=4.5383 acc=3/30 infeas=0 calls=9791 sizes=[5, 5, 5, 30, 5, 8, 30, 5, 9, 5]
[d14_structural_only] step  275 T=0.003276 E=-2.7074 D=6.1418 best E=-2.7074 (D=6.1418) best D=5.4716 acc=4/30 infeas=11 calls=8291 sizes=[34, 44, 5, 46, 5, 15, 39, 13, 5, 5]
[d13_P2] step  350 T=0.0009493 E=-6.4287 D=4.9728 best E=-6.4287 (D=4.9728) best D=4.5383 acc=1/30 infeas=1 calls=10541 sizes=[5, 5, 5, 23, 5, 6, 24, 5, 6, 5]
[d13_P2] step  360 T=0.0008586 E=-6.4794 D=4.9658 best E=-6.4812 (D=4.9652) best D=4.5383 acc=0/30 infeas=1 calls=10841 sizes=[6, 5, 5, 20, 5, 7, 24, 5, 5, 5]
[d13_P2] done in 271.7s
== d13_P2: ok (272s)
[d14_structural_only] step  300 T=0.002548 E=-3.2186 D=6.1102 best E=-3.2209 (D=6.1100) best D=5.4716 acc=2/30 infeas=14 calls=9041 sizes=[34, 38, 5, 31, 5, 15, 25, 12, 5, 5]
[d14_structural_only] step  325 T=0.001982 E=-3.4436 D=6.1626 best E=-3.4436 (D=6.1626) best D=5.4716 acc=1/30 infeas=9 calls=9791 sizes=[18, 40, 5, 31, 5, 14, 22, 14, 5, 7]
[d14_structural_only] step  350 T=0.001542 E=-3.9080 D=5.9346 best E=-3.9080 (D=5.9346) best D=5.4716 acc=3/30 infeas=12 calls=10541 sizes=[5, 33, 5, 27, 5, 18, 20, 17, 5, 5]
[d14_structural_only] step  375 T=0.001199 E=-4.0351 D=5.8934 best E=-4.0391 (D=5.8937) best D=5.4358 acc=4/30 infeas=3 calls=11291 sizes=[5, 29, 5, 26, 5, 15, 16, 15, 5, 5]
[d14_structural_only] step  380 T=0.00114 E=-4.1529 D=5.8961 best E=-4.1529 (D=5.8961) best D=5.4336 acc=4/30 infeas=0 calls=11441 sizes=[5, 30, 5, 25, 5, 14, 12, 16, 5, 5]
[d14_structural_only] done in 309.8s
== d14_structural_only: ok (310s)
sweep wall time 1180s
