[d06_C0] E0=0.0000 D0=6.4293  T_start=0.02577 T_end=0.000249 alpha=0.99
[d06_C0] step   25 T=0.02004 E=0.2469 D=6.4339 best E=-0.0280 (D=6.2921) best D=5.3168 acc=5/30 infeas=15 calls=791 sizes=[45, 43, 5, 65, 5, 30, 51, 10, 19, 8]
[d06_C0] step   50 T=0.01559 E=-0.0966 D=6.0838 best E=-0.2262 (D=6.0180) best D=5.3168 acc=5/30 infeas=13 calls=1541 sizes=[60, 45, 5, 61, 5, 26, 50, 13, 35, 7]
[d06_C0] step   75 T=0.01213 E=-0.1741 D=6.0328 best E=-0.2262 (D=6.0180) best D=5.3168 acc=9/30 infeas=9 calls=2291 sizes=[52, 51, 5, 59, 5, 21, 56, 12, 44, 7]
[d06_C0] step  100 T=0.009432 E=-0.3753 D=6.0240 best E=-0.4597 (D=5.9146) best D=5.3168 acc=8/30 infeas=11 calls=3041 sizes=[47, 50, 5, 64, 5, 22, 52, 13, 43, 7]
[d06_C0] step  125 T=0.007336 E=-0.7227 D=6.0271 best E=-0.7484 (D=6.0352) best D=5.3168 acc=10/30 infeas=12 calls=3791 sizes=[46, 44, 5, 54, 5, 21, 39, 17, 40, 8]
[d06_C0] step  150 T=0.005706 E=-1.0960 D=5.6033 best E=-1.1339 (D=5.5999) best D=5.0355 acc=5/30 infeas=10 calls=4541 sizes=[47, 49, 5, 46, 5, 16, 39, 17, 31, 6]
[d06_C0] step  175 T=0.004438 E=-1.2953 D=5.2959 best E=-1.2953 (D=5.2959) best D=5.0052 acc=8/30 infeas=8 calls=5291 sizes=[48, 41, 5, 44, 5, 10, 39, 13, 35, 5]
[d06_C0] step  200 T=0.003452 E=-1.5772 D=5.2816 best E=-1.5772 (D=5.2816) best D=4.8558 acc=5/30 infeas=14 calls=6041 sizes=[42, 35, 5, 41, 5, 11, 40, 13, 26, 5]
[d06_C0] step  225 T=0.002685 E=-1.8267 D=5.2950 best E=-1.8388 (D=5.2942) best D=4.8558 acc=6/30 infeas=8 calls=6791 sizes=[33, 36, 5, 37, 5, 11, 31, 15, 20, 5]
[d06_C0] step  250 T=0.002089 E=-2.2358 D=5.1817 best E=-2.2425 (D=5.1817) best D=4.8558 acc=1/30 infeas=12 calls=7541 sizes=[29, 33, 5, 30, 5, 11, 33, 11, 7, 5]
[d06_C0] step  275 T=0.001625 E=-2.7937 D=4.9197 best E=-2.7937 (D=4.9197) best D=4.8558 acc=2/30 infeas=16 calls=8291 sizes=[20, 26, 5, 31, 5, 10, 30, 9, 5, 5]
[d06_C0] step  300 T=0.001264 E=-3.5589 D=5.0554 best E=-3.5589 (D=5.0554) best D=4.7290 acc=2/30 infeas=0 calls=9041 sizes=[22, 16, 5, 26, 5, 8, 31, 9, 5, 5]
[d06_C0] step  325 T=0.0009829 E=-5.5063 D=4.8486 best E=-5.5063 (D=4.8486) best D=4.4858 acc=3/30 infeas=1 calls=9791 sizes=[23, 5, 5, 22, 5, 6, 28, 7, 5, 5]
[d06_C0] step  350 T=0.0007645 E=-5.7364 D=4.8107 best E=-5.7364 (D=4.8107) best D=4.4605 acc=3/30 infeas=0 calls=10541 sizes=[13, 5, 5, 22, 5, 7, 17, 5, 5, 5]
[d06_C0] step  375 T=0.0005947 E=-5.8848 D=4.8788 best E=-5.8848 (D=4.8788) best D=4.4438 acc=1/30 infeas=0 calls=11291 sizes=[5, 5, 5, 19, 5, 6, 19, 5, 5, 5]
[d06_C0] step  400 T=0.0004625 E=-5.9269 D=4.8827 best E=-5.9269 (D=4.8827) best D=4.4438 acc=0/30 infeas=1 calls=12041 sizes=[5, 5, 5, 12, 5, 5, 17, 5, 5, 5]
[d06_C0] step  425 T=0.0003598 E=-5.9544 D=4.8723 best E=-5.9544 (D=4.8723) best D=4.4438 acc=0/30 infeas=2 calls=12791 sizes=[5, 5, 5, 14, 5, 5, 10, 5, 5, 5]
[d06_C0] step  450 T=0.0002798 E=-6.0142 D=4.8607 best E=-6.0142 (D=4.8607) best D=4.4438 acc=0/30 infeas=2 calls=13541 sizes=[5, 5, 5, 12, 5, 5, 7, 5, 5, 5]
[d06_C0] step  462 T=0.000248 E=-6.0555 D=4.8607 best E=-6.0555 (D=4.8607) best D=4.4438 acc=0/30 infeas=1 calls=13901 sizes=[5, 5, 5, 12, 5, 5, 5, 5, 5, 5]
[d06_C0] done in 324.7s
