[d09_S2] E0=0.0000 D0=6.4293  T_start=0.09131 T_end=0.0008811 alpha=0.99
[d09_S2] step   25 T=0.07102 E=2.6748 D=6.4302 best E=-0.0495 (D=6.4399) best D=5.5056 acc=15/30 infeas=6 calls=791 sizes=[62, 27, 5, 48, 6, 40, 52, 14, 27, 7]
[d09_S2] step   50 T=0.05524 E=-0.5609 D=6.7090 best E=-0.5609 (D=6.7090) best D=5.5056 acc=11/30 infeas=8 calls=1541 sizes=[75, 7, 6, 42, 5, 38, 64, 32, 52, 7]
[d09_S2] step   75 T=0.04297 E=-3.9781 D=5.8668 best E=-3.9973 (D=5.8855) best D=5.4874 acc=14/30 infeas=5 calls=2291 sizes=[94, 5, 5, 32, 5, 22, 72, 44, 69, 6]
[d09_S2] step  100 T=0.03342 E=-8.3863 D=5.8836 best E=-8.4109 (D=5.8836) best D=5.4874 acc=10/30 infeas=1 calls=3041 sizes=[92, 5, 5, 18, 5, 23, 54, 42, 71, 7]
[d09_S2] step  125 T=0.026 E=-17.0300 D=6.0064 best E=-17.0716 (D=6.0064) best D=5.4874 acc=7/30 infeas=6 calls=3791 sizes=[87, 5, 5, 6, 5, 20, 60, 50, 77, 6]
[d09_S2] step  150 T=0.02022 E=-18.3391 D=5.5926 best E=-18.3533 (D=5.5926) best D=5.2652 acc=6/30 infeas=8 calls=4541 sizes=[81, 5, 5, 5, 5, 19, 56, 37, 76, 5]
[d09_S2] step  175 T=0.01573 E=-19.9533 D=5.4677 best E=-19.9533 (D=5.4677) best D=4.9245 acc=7/30 infeas=5 calls=5291 sizes=[77, 5, 5, 5, 5, 20, 40, 29, 76, 5]
[d09_S2] step  200 T=0.01223 E=-22.5400 D=5.4844 best E=-22.5703 (D=5.4844) best D=4.9245 acc=6/30 infeas=7 calls=6041 sizes=[77, 5, 5, 5, 5, 22, 16, 22, 67, 5]
[d09_S2] step  225 T=0.009516 E=-27.8823 D=5.3913 best E=-27.8823 (D=5.3913) best D=4.9245 acc=5/30 infeas=2 calls=6791 sizes=[70, 5, 5, 6, 5, 19, 5, 18, 55, 5]
[d09_S2] step  250 T=0.007401 E=-28.6030 D=5.3310 best E=-28.6335 (D=5.3310) best D=4.7927 acc=2/30 infeas=3 calls=7541 sizes=[66, 5, 5, 5, 5, 18, 5, 9, 51, 5]
[d09_S2] step  275 T=0.005757 E=-29.4669 D=5.3241 best E=-29.4679 (D=5.3217) best D=4.7457 acc=1/30 infeas=8 calls=8291 sizes=[45, 5, 5, 6, 5, 20, 5, 5, 50, 5]
[d09_S2] step  300 T=0.004478 E=-29.7478 D=5.3314 best E=-29.7492 (D=5.3299) best D=4.7457 acc=0/30 infeas=10 calls=9041 sizes=[36, 5, 5, 6, 5, 21, 5, 5, 47, 5]
[d09_S2] step  325 T=0.003483 E=-30.0019 D=5.3213 best E=-30.0114 (D=5.3254) best D=4.7457 acc=2/30 infeas=4 calls=9791 sizes=[37, 5, 5, 6, 5, 17, 5, 5, 38, 5]
[d09_S2] step  350 T=0.002709 E=-30.3159 D=5.3157 best E=-30.3159 (D=5.3157) best D=4.7456 acc=2/30 infeas=4 calls=10541 sizes=[32, 5, 5, 5, 5, 17, 5, 5, 27, 5]
[d09_S2] step  375 T=0.002107 E=-30.5277 D=5.3301 best E=-30.5336 (D=5.3301) best D=4.7417 acc=2/30 infeas=6 calls=11291 sizes=[28, 5, 5, 5, 5, 20, 5, 5, 22, 5]
[d09_S2] step  400 T=0.001639 E=-30.6025 D=5.3214 best E=-30.6025 (D=5.3214) best D=4.7417 acc=0/30 infeas=5 calls=12041 sizes=[23, 5, 5, 5, 5, 19, 5, 5, 21, 5]
[d09_S2] step  425 T=0.001275 E=-30.6730 D=5.3107 best E=-30.6757 (D=5.3106) best D=4.7012 acc=0/30 infeas=7 calls=12791 sizes=[18, 5, 5, 6, 5, 19, 5, 5, 19, 5]
[d09_S2] step  450 T=0.0009916 E=-31.2211 D=5.1463 best E=-31.2211 (D=5.1463) best D=4.7012 acc=2/30 infeas=2 calls=13541 sizes=[12, 5, 5, 5, 5, 11, 5, 5, 16, 5]
[d09_S2] step  462 T=0.000879 E=-31.6072 D=5.1463 best E=-31.6072 (D=5.1463) best D=4.7012 acc=1/30 infeas=2 calls=13901 sizes=[11, 5, 5, 5, 5, 11, 5, 5, 13, 5]
[d09_S2] done in 305.4s
