[d07_C2] E0=0.0000 D0=6.4293  T_start=0.02577 T_end=0.0002488 alpha=0.99
[d07_C2] step   25 T=0.02004 E=0.0545 D=6.4069 best E=-0.2669 (D=6.4088) best D=6.2836 acc=9/30 infeas=15 calls=791 sizes=[48, 46, 5, 63, 5, 37, 52, 7, 18, 13]
[d07_C2] step   50 T=0.01559 E=-0.2198 D=5.7916 best E=-0.2669 (D=6.4088) best D=5.7777 acc=4/30 infeas=16 calls=1541 sizes=[53, 42, 5, 70, 5, 30, 58, 14, 37, 7]
[d07_C2] step   75 T=0.01213 E=-0.0278 D=5.8091 best E=-0.3270 (D=5.8788) best D=5.7499 acc=6/30 infeas=3 calls=2291 sizes=[55, 46, 5, 60, 6, 23, 61, 12, 46, 7]
[d07_C2] step  100 T=0.009432 E=-0.1476 D=5.8461 best E=-0.3270 (D=5.8788) best D=5.1687 acc=11/30 infeas=5 calls=3041 sizes=[52, 41, 5, 55, 5, 30, 60, 17, 38, 9]
[d07_C2] step  125 T=0.007336 E=-0.4889 D=5.6329 best E=-0.4967 (D=5.6326) best D=5.1687 acc=7/30 infeas=4 calls=3791 sizes=[50, 42, 5, 60, 5, 18, 50, 14, 44, 7]
[d07_C2] step  150 T=0.005706 E=-0.8392 D=5.5309 best E=-0.8695 (D=5.5770) best D=5.0049 acc=7/30 infeas=9 calls=4541 sizes=[52, 43, 5, 50, 5, 11, 50, 13, 41, 6]
[d07_C2] step  175 T=0.004438 E=-1.3086 D=5.2287 best E=-1.3103 (D=5.2287) best D=5.0049 acc=7/30 infeas=12 calls=5291 sizes=[43, 38, 5, 48, 5, 10, 39, 15, 40, 5]
[d07_C2] step  200 T=0.003452 E=-1.5792 D=5.1508 best E=-1.5805 (D=5.1521) best D=4.9000 acc=4/30 infeas=4 calls=6041 sizes=[33, 35, 5, 47, 5, 8, 40, 14, 30, 6]
[d07_C2] step  225 T=0.002685 E=-1.9411 D=5.1299 best E=-1.9411 (D=5.1299) best D=4.8049 acc=7/30 infeas=6 calls=6791 sizes=[23, 36, 5, 40, 5, 9, 32, 15, 22, 6]
[d07_C2] step  250 T=0.002089 E=-2.1298 D=5.1519 best E=-2.1301 (D=5.1519) best D=4.8049 acc=1/30 infeas=0 calls=7541 sizes=[20, 34, 5, 27, 5, 9, 29, 12, 21, 6]
[d07_C2] step  275 T=0.001625 E=-3.2669 D=4.8505 best E=-3.2669 (D=4.8505) best D=4.6789 acc=4/30 infeas=2 calls=8291 sizes=[14, 19, 5, 35, 5, 9, 31, 5, 17, 5]
[d07_C2] step  300 T=0.001264 E=-4.6192 D=4.7857 best E=-4.6192 (D=4.7857) best D=4.5324 acc=1/30 infeas=4 calls=9041 sizes=[20, 5, 5, 29, 5, 9, 33, 5, 5, 6]
[d07_C2] step  325 T=0.0009829 E=-5.1064 D=4.5143 best E=-5.1064 (D=4.5143) best D=4.3388 acc=0/30 infeas=0 calls=9791 sizes=[21, 5, 5, 23, 5, 7, 28, 5, 5, 5]
[d07_C2] step  350 T=0.0007645 E=-5.5090 D=4.5401 best E=-5.5090 (D=4.5401) best D=4.3168 acc=2/30 infeas=2 calls=10541 sizes=[14, 5, 5, 18, 5, 9, 18, 5, 5, 5]
[d07_C2] step  375 T=0.0005947 E=-5.5943 D=4.5256 best E=-5.5943 (D=4.5256) best D=4.3168 acc=0/30 infeas=3 calls=11291 sizes=[10, 5, 5, 11, 5, 11, 17, 5, 5, 5]
[d07_C2] step  400 T=0.0004625 E=-5.8058 D=4.5182 best E=-5.8058 (D=4.5182) best D=4.2874 acc=1/30 infeas=4 calls=12041 sizes=[5, 5, 5, 14, 5, 6, 16, 5, 5, 5]
[d07_C2] step  425 T=0.0003598 E=-5.8289 D=4.5096 best E=-5.8289 (D=4.5096) best D=4.2849 acc=2/30 infeas=5 calls=12791 sizes=[5, 5, 5, 12, 5, 5, 12, 5, 5, 5]
[d07_C2] step  450 T=0.0002798 E=-5.8508 D=4.4877 best E=-5.8508 (D=4.4877) best D=4.2849 acc=0/30 infeas=11 calls=13541 sizes=[5, 5, 5, 10, 5, 5, 10, 5, 5, 5]
[d07_C2] step  462 T=0.000248 E=-5.8527 D=4.4877 best E=-5.8527 (D=4.4877) best D=4.2849 acc=0/30 infeas=6 calls=13901 sizes=[5, 5, 5, 9, 5, 5, 10, 5, 5, 5]
[d07_C2] done in 299.7s
