setup 8.2s; anchors=[458, 380, 314, 462, 438, 514, 417, 39, 225, 227, 418] init sizes=[16, 43, 13, 40, 6, 16, 37, 40, 40, 5, 5]
15 configs, 15 to run
[d01_dd_conv] E0=0.0000 D0=7.1462  T_start=0.0015 T_end=1.886e-06 alpha=0.98
[d00_dd_only] E0=0.0000 D0=7.1462  T_start=0.001823 T_end=1.886e-06 alpha=0.98
[d03_N0] E0=0.0000 D0=7.1462  T_start=0.02967 T_end=0.0001866 alpha=0.98
[d02_base] E0=0.0000 D0=7.1462  T_start=0.02966 T_end=0.000261 alpha=0.98
[d01_dd_conv] step   25 T=0.000905 E=-0.4261 D=5.5638 best E=-0.4309 (D=5.5359) best D=5.5359 acc=15/25 infeas=0 calls=666 sizes=[23, 46, 6, 54, 5, 13, 49, 51, 53, 27, 36]
[d02_base] step   25 T=0.0179 E=0.4095 D=6.4285 best E=-0.0096 (D=6.9365) best D=6.0028 acc=10/25 infeas=7 calls=666 sizes=[5, 51, 6, 49, 5, 5, 44, 45, 52, 12, 20]
[d00_dd_only] step   25 T=0.0011 E=-0.2151 D=6.2855 best E=-0.2193 (D=6.2686) best D=6.2686 acc=18/25 infeas=1 calls=666 sizes=[19, 41, 5, 58, 28, 15, 57, 55, 49, 31, 40]
[d03_N0] step   25 T=0.01791 E=0.3397 D=6.7530 best E=-0.1573 (D=6.5338) best D=6.3159 acc=10/25 infeas=7 calls=666 sizes=[5, 59, 5, 67, 5, 5, 54, 51, 44, 9, 26]
[d01_dd_conv] step   50 T=0.0005462 E=-0.4525 D=5.4529 best E=-0.4525 (D=5.4529) best D=5.4529 acc=7/25 infeas=6 calls=1291 sizes=[20, 46, 5, 65, 5, 8, 62, 72, 59, 47, 49]
[d00_dd_only] step   50 T=0.0006638 E=-0.3749 D=5.6456 best E=-0.3749 (D=5.6456) best D=5.6456 acc=17/25 infeas=3 calls=1291 sizes=[12, 25, 5, 73, 51, 7, 62, 74, 67, 58, 49]
[d02_base] step   50 T=0.0108 E=0.3971 D=6.2671 best E=-0.0096 (D=6.9365) best D=5.6525 acc=4/25 infeas=11 calls=1291 sizes=[5, 56, 5, 45, 5, 8, 47, 49, 48, 11, 27]
[d03_N0] step   50 T=0.01081 E=0.4407 D=6.4995 best E=-0.1573 (D=6.5338) best D=6.1490 acc=13/25 infeas=0 calls=1291 sizes=[5, 80, 5, 81, 5, 6, 69, 42, 46, 7, 47]
[d01_dd_conv] step   75 T=0.0003296 E=-0.4683 D=5.3911 best E=-0.4696 (D=5.3858) best D=5.3858 acc=16/25 infeas=2 calls=1916 sizes=[29, 41, 5, 86, 6, 8, 69, 71, 67, 63, 63]
[d00_dd_only] step   75 T=0.0004006 E=-0.4529 D=5.3335 best E=-0.4534 (D=5.3317) best D=5.3317 acc=17/25 infeas=2 calls=1916 sizes=[15, 13, 5, 79, 65, 7, 66, 80, 79, 74, 60]
[d02_base] step   75 T=0.006519 E=0.2670 D=6.1912 best E=-0.0096 (D=6.9365) best D=5.5645 acc=6/25 infeas=5 calls=1916 sizes=[5, 56, 5, 48, 5, 7, 49, 42, 49, 10, 30]
[d03_N0] step   75 T=0.006521 E=0.3673 D=6.4893 best E=-0.1573 (D=6.5338) best D=6.1428 acc=5/25 infeas=3 calls=1916 sizes=[5, 88, 5, 97, 5, 5, 70, 42, 51, 5, 51]
[d01_dd_conv] step  100 T=0.0001989 E=-0.4860 D=5.3204 best E=-0.4870 (D=5.3162) best D=5.3162 acc=13/25 infeas=2 calls=2541 sizes=[34, 32, 5, 81, 5, 9, 83, 84, 73, 69, 77]
[d00_dd_only] step  100 T=0.0002417 E=-0.5093 D=5.1078 best E=-0.5102 (D=5.1042) best D=5.1042 acc=14/25 infeas=7 calls=2541 sizes=[6, 19, 5, 81, 76, 5, 75, 82, 83, 82, 73]
[d02_base] step  100 T=0.003934 E=-0.1100 D=6.0853 best E=-0.1100 (D=6.0853) best D=5.5645 acc=4/25 infeas=3 calls=2541 sizes=[5, 50, 5, 37, 5, 6, 41, 44, 47, 6, 27]
[d00_dd_only] step  125 T=0.0001459 E=-0.5895 D=4.7869 best E=-0.5896 (D=4.7865) best D=4.7865 acc=12/25 infeas=4 calls=3166 sizes=[5, 13, 6, 80, 88, 8, 88, 70, 85, 108, 78]
[d03_N0] step  100 T=0.003935 E=0.3085 D=6.4770 best E=-0.1573 (D=6.5338) best D=5.9279 acc=6/25 infeas=6 calls=2541 sizes=[5, 81, 5, 97, 5, 5, 88, 35, 51, 6, 53]
[d01_dd_conv] step  125 T=0.00012 E=-0.5038 D=5.2489 best E=-0.5039 (D=5.2487) best D=5.2487 acc=12/25 infeas=3 calls=3166 sizes=[40, 24, 5, 95, 5, 7, 80, 88, 80, 74, 88]
[d00_dd_only] step  150 T=8.803e-05 E=-0.5908 D=4.7817 best E=-0.5908 (D=4.7817) best D=4.7817 acc=10/25 infeas=6 calls=3791 sizes=[8, 11, 5, 83, 89, 8, 78, 70, 86, 110, 87]
[d02_base] step  125 T=0.002374 E=-0.5338 D=6.0061 best E=-0.5338 (D=6.0061) best D=5.5645 acc=5/25 infeas=2 calls=3166 sizes=[5, 43, 5, 30, 5, 5, 37, 35, 40, 6, 29]
[d01_dd_conv] step  150 T=7.243e-05 E=-0.5046 D=5.2457 best E=-0.5049 (D=5.2446) best D=5.2425 acc=11/25 infeas=3 calls=3791 sizes=[46, 23, 5, 98, 5, 8, 72, 92, 76, 77, 100]
[d03_N0] step  125 T=0.002375 E=0.1201 D=6.2504 best E=-0.1573 (D=6.5338) best D=5.9279 acc=7/25 infeas=3 calls=3166 sizes=[5, 92, 5, 114, 5, 6, 91, 36, 50, 5, 48]
[d00_dd_only] step  175 T=5.312e-05 E=-0.5937 D=4.7703 best E=-0.5937 (D=4.7703) best D=4.7703 acc=4/25 infeas=11 calls=4416 sizes=[10, 12, 8, 82, 95, 9, 85, 70, 87, 104, 93]
[d02_base] step  150 T=0.001433 E=-1.2715 D=5.9278 best E=-1.2715 (D=5.9278) best D=5.5456 acc=6/25 infeas=3 calls=3791 sizes=[5, 38, 5, 14, 5, 5, 33, 32, 35, 7, 28]
[d01_dd_conv] step  175 T=4.371e-05 E=-0.5051 D=5.2439 best E=-0.5051 (D=5.2437) best D=5.2425 acc=12/25 infeas=4 calls=4416 sizes=[48, 22, 5, 98, 5, 9, 82, 93, 79, 78, 103]
[d00_dd_only] step  200 T=3.206e-05 E=-0.5960 D=4.7610 best E=-0.5960 (D=4.7610) best D=4.7610 acc=12/25 infeas=4 calls=5041 sizes=[11, 12, 8, 76, 91, 10, 82, 83, 87, 104, 93]
[d03_N0] step  150 T=0.001433 E=0.0093 D=6.1181 best E=-0.1573 (D=6.5338) best D=5.6721 acc=2/25 infeas=9 calls=3791 sizes=[5, 91, 5, 123, 5, 5, 82, 34, 30, 5, 46]
[d02_base] step  175 T=0.0008646 E=-1.8535 D=5.8703 best E=-1.8535 (D=5.8703) best D=5.2766 acc=1/25 infeas=10 calls=4416 sizes=[5, 31, 5, 5, 5, 5, 28, 27, 32, 7, 31]
[d01_dd_conv] step  200 T=2.638e-05 E=-0.5056 D=5.2416 best E=-0.5057 (D=5.2414) best D=5.1333 acc=12/25 infeas=0 calls=5041 sizes=[52, 21, 5, 93, 5, 11, 78, 90, 90, 78, 87]
[d00_dd_only] step  225 T=1.935e-05 E=-0.5964 D=4.7592 best E=-0.5964 (D=4.7592) best D=4.7592 acc=10/25 infeas=9 calls=5666 sizes=[9, 11, 7, 67, 89, 9, 85, 91, 95, 112, 97]
[d03_N0] step  175 T=0.0008648 E=-0.2707 D=5.9961 best E=-0.2707 (D=5.9961) best D=5.6011 acc=3/25 infeas=9 calls=4416 sizes=[5, 88, 5, 109, 5, 6, 81, 31, 16, 5, 44]
[d02_base] step  200 T=0.0005217 E=-2.1135 D=5.8339 best E=-2.1135 (D=5.8339) best D=5.2763 acc=1/25 infeas=1 calls=5041 sizes=[5, 30, 5, 5, 5, 5, 26, 24, 23, 8, 26]
[d00_dd_only] step  250 T=1.167e-05 E=-0.5968 D=4.7578 best E=-0.5968 (D=4.7578) best D=4.7578 acc=9/25 infeas=7 calls=6291 sizes=[5, 11, 7, 64, 89, 9, 99, 90, 93, 110, 110]
[d01_dd_conv] step  225 T=1.592e-05 E=-0.5200 D=5.1842 best E=-0.5200 (D=5.1842) best D=5.1333 acc=11/25 infeas=12 calls=5666 sizes=[45, 23, 5, 94, 7, 8, 59, 89, 108, 92, 84]
[d00_dd_only] step  275 T=7.045e-06 E=-0.6011 D=4.7407 best E=-0.6011 (D=4.7407) best D=4.7407 acc=11/25 infeas=6 calls=6916 sizes=[9, 12, 7, 52, 84, 11, 99, 95, 94, 109, 97]
[d02_base] step  225 T=0.0003148 E=-2.3376 D=5.7810 best E=-2.3376 (D=5.7810) best D=5.2595 acc=1/25 infeas=3 calls=5666 sizes=[5, 26, 5, 5, 5, 5, 24, 20, 20, 7, 21]
[d01_dd_conv] step  250 T=9.606e-06 E=-0.5235 D=5.1700 best E=-0.5235 (D=5.1700) best D=5.1333 acc=11/25 infeas=6 calls=6291 sizes=[43, 22, 5, 102, 9, 8, 71, 90, 115, 90, 76]
[d03_N0] step  200 T=0.0005219 E=-0.8753 D=5.9202 best E=-0.8753 (D=5.9202) best D=5.5580 acc=2/25 infeas=14 calls=5041 sizes=[5, 84, 5, 102, 5, 5, 79, 32, 6, 5, 45]
[d02_base] step  235 T=0.0002573 E=-2.5401 D=5.4677 best E=-2.5401 (D=5.4677) best D=5.1901 acc=4/25 infeas=0 calls=5916 sizes=[5, 25, 5, 5, 5, 5, 25, 23, 12, 7, 21]
[d02_base] done in 199.1s
== d02_base: ok (199s)
[d04_N0.05] E0=0.0000 D0=7.1462  T_start=0.02558 T_end=0.0002383 alpha=0.98
[d00_dd_only] step  300 T=4.252e-06 E=-0.6049 D=4.7252 best E=-0.6049 (D=4.7251) best D=4.7251 acc=10/25 infeas=7 calls=7541 sizes=[5, 12, 7, 54, 78, 10, 108, 99, 87, 106, 97]
[d01_dd_conv] step  275 T=5.797e-06 E=-0.5261 D=5.1597 best E=-0.5261 (D=5.1597) best D=5.1333 acc=13/25 infeas=7 calls=6916 sizes=[33, 19, 5, 90, 8, 7, 88, 103, 119, 107, 74]
[d03_N0] step  225 T=0.0003149 E=-1.5664 D=5.8636 best E=-1.5664 (D=5.8636) best D=5.4608 acc=2/25 infeas=9 calls=5666 sizes=[5, 78, 5, 99, 5, 5, 81, 30, 5, 5, 37]
[d00_dd_only] step  325 T=2.566e-06 E=-0.6182 D=4.6722 best E=-0.6182 (D=4.6722) best D=4.6722 acc=9/25 infeas=2 calls=8166 sizes=[5, 15, 6, 52, 71, 9, 112, 112, 96, 106, 91]
[d04_N0.05] step   25 T=0.01544 E=0.2608 D=6.4425 best E=-0.1313 (D=6.4776) best D=5.9110 acc=14/25 infeas=6 calls=666 sizes=[5, 51, 5, 48, 5, 8, 48, 45, 46, 5, 26]
[d00_dd_only] step  341 T=1.857e-06 E=-0.6190 D=4.6690 best E=-0.6190 (D=4.6690) best D=4.6690 acc=10/25 infeas=9 calls=8566 sizes=[7, 15, 7, 52, 70, 10, 122, 116, 86, 104, 81]
[d00_dd_only] done in 228.5s
== d00_dd_only: ok (228s)
[d01_dd_conv] step  300 T=3.498e-06 E=-0.5286 D=5.1497 best E=-0.5286 (D=5.1497) best D=5.1333 acc=11/25 infeas=4 calls=7541 sizes=[29, 18, 5, 97, 8, 8, 91, 101, 119, 107, 70]
[d05_N0.25] E0=0.0000 D0=7.1462  T_start=0.04058 T_end=0.0006684 alpha=0.98
[d03_N0] step  250 T=0.00019 E=-1.6489 D=5.8587 best E=-1.6489 (D=5.8587) best D=5.4608 acc=1/25 infeas=4 calls=6291 sizes=[5, 72, 5, 95, 5, 5, 81, 30, 5, 5, 32]
[d03_N0] step  251 T=0.0001862 E=-1.6521 D=5.8508 best E=-1.6521 (D=5.8508) best D=5.4608 acc=6/25 infeas=4 calls=6316 sizes=[5, 72, 5, 95, 5, 5, 80, 30, 5, 5, 31]
[d03_N0] done in 238.7s
== d03_N0: ok (239s)
[d06_C0] E0=0.0000 D0=7.1462  T_start=0.03063 T_end=0.000261 alpha=0.98
[d04_N0.05] step   50 T=0.009316 E=0.4594 D=6.4405 best E=-0.1313 (D=6.4776) best D=5.9110 acc=9/25 infeas=9 calls=1291 sizes=[5, 57, 5, 46, 5, 5, 48, 44, 48, 5, 41]
[d01_dd_conv] step  325 T=2.111e-06 E=-0.5377 D=5.1145 best E=-0.5377 (D=5.1145) best D=5.1145 acc=12/25 infeas=1 calls=8166 sizes=[21, 17, 5, 94, 5, 6, 92, 100, 111, 97, 77]
[d01_dd_conv] step  331 T=1.87e-06 E=-0.5387 D=5.1105 best E=-0.5387 (D=5.1105) best D=5.0791 acc=13/25 infeas=1 calls=8316 sizes=[22, 16, 5, 88, 5, 5, 89, 99, 111, 99, 78]
[d05_N0.25] step   25 T=0.02449 E=1.0960 D=6.4479 best E=-0.0026 (D=6.9365) best D=6.2146 acc=10/25 infeas=4 calls=666 sizes=[9, 37, 8, 49, 5, 5, 43, 51, 34, 18, 28]
[d01_dd_conv] done in 254.5s
== d01_dd_conv: ok (254s)
[d07_C2] E0=0.0000 D0=7.1462  T_start=0.02966 T_end=0.0002611 alpha=0.98
[d06_C0] step   25 T=0.01848 E=0.9321 D=6.7560 best E=-0.0184 (D=6.9365) best D=6.2505 acc=13/25 infeas=5 calls=666 sizes=[5, 46, 5, 43, 5, 14, 47, 41, 56, 25, 37]
[d04_N0.05] step   75 T=0.005622 E=0.4886 D=6.4305 best E=-0.1313 (D=6.4776) best D=5.9110 acc=3/25 infeas=1 calls=1916 sizes=[5, 69, 5, 45, 5, 5, 49, 39, 57, 8, 29]
[d05_N0.25] step   50 T=0.01478 E=0.8645 D=6.4690 best E=-0.0026 (D=6.9365) best D=6.1904 acc=7/25 infeas=4 calls=1291 sizes=[8, 45, 5, 43, 5, 5, 49, 55, 26, 10, 32]
[d07_C2] step   25 T=0.0179 E=0.5839 D=6.4533 best E=0.0000 (D=7.1462) best D=6.1708 acc=6/25 infeas=6 calls=666 sizes=[8, 39, 5, 60, 5, 6, 41, 48, 50, 9, 28]
[d06_C0] step   50 T=0.01115 E=1.2689 D=6.7658 best E=-0.0184 (D=6.9365) best D=6.2421 acc=6/25 infeas=5 calls=1291 sizes=[5, 51, 5, 55, 5, 10, 54, 36, 50, 27, 39]
[d04_N0.05] step  100 T=0.003392 E=0.1591 D=6.2878 best E=-0.1313 (D=6.4776) best D=5.9110 acc=5/25 infeas=7 calls=2541 sizes=[5, 60, 5, 35, 5, 5, 56, 29, 55, 5, 33]
[d05_N0.25] step   75 T=0.008917 E=0.1103 D=6.3777 best E=-0.0026 (D=6.9365) best D=5.9642 acc=4/25 infeas=7 calls=1916 sizes=[6, 42, 5, 39, 5, 7, 41, 47, 21, 11, 34]
[d07_C2] step   50 T=0.0108 E=0.6478 D=6.5930 best E=0.0000 (D=7.1462) best D=6.0537 acc=4/25 infeas=6 calls=1291 sizes=[6, 55, 5, 61, 5, 5, 36, 44, 52, 5, 36]
[d04_N0.05] step  125 T=0.002047 E=-0.1794 D=6.1972 best E=-0.1809 (D=6.1965) best D=5.9110 acc=4/25 infeas=6 calls=3166 sizes=[5, 61, 5, 25, 5, 5, 50, 28, 47, 7, 35]
[d06_C0] step   75 T=0.006731 E=0.9263 D=6.4128 best E=-0.0184 (D=6.9365) best D=6.0221 acc=6/25 infeas=8 calls=1916 sizes=[5, 52, 5, 52, 5, 8, 53, 34, 43, 15, 47]
[d05_N0.25] step  100 T=0.005381 E=-0.9970 D=6.2668 best E=-0.9970 (D=6.2668) best D=5.9642 acc=3/25 infeas=6 calls=2541 sizes=[5, 34, 5, 34, 5, 9, 42, 32, 10, 14, 32]
[d07_C2] step   75 T=0.006519 E=0.7080 D=6.6650 best E=0.0000 (D=7.1462) best D=6.0537 acc=6/25 infeas=2 calls=1916 sizes=[5, 46, 5, 62, 5, 6, 41, 46, 50, 5, 39]
[d04_N0.05] step  150 T=0.001235 E=-0.9142 D=6.0502 best E=-0.9142 (D=6.0502) best D=5.6833 acc=1/25 infeas=11 calls=3791 sizes=[5, 58, 5, 10, 6, 5, 44, 26, 43, 5, 35]
[d06_C0] step  100 T=0.004062 E=0.3094 D=6.2733 best E=-0.0184 (D=6.9365) best D=6.0221 acc=4/25 infeas=7 calls=2541 sizes=[5, 46, 5, 47, 5, 6, 45, 39, 41, 9, 41]
[d05_N0.25] step  125 T=0.003247 E=-1.7900 D=6.1039 best E=-1.7900 (D=6.1039) best D=5.6311 acc=4/25 infeas=4 calls=3166 sizes=[5, 34, 5, 33, 5, 7, 37, 33, 5, 8, 27]
[d04_N0.05] step  175 T=0.0007455 E=-1.3474 D=6.0101 best E=-1.3474 (D=6.0101) best D=5.5546 acc=5/25 infeas=5 calls=4416 sizes=[5, 40, 5, 5, 6, 5, 37, 24, 39, 6, 34]
[d07_C2] step  100 T=0.003934 E=0.2895 D=6.5570 best E=0.0000 (D=7.1462) best D=6.0537 acc=6/25 infeas=1 calls=2541 sizes=[5, 53, 5, 47, 5, 5, 32, 35, 47, 5, 40]
[d06_C0] step  125 T=0.002451 E=-0.2713 D=6.1317 best E=-0.2713 (D=6.1317) best D=5.7279 acc=3/25 infeas=3 calls=3166 sizes=[5, 43, 5, 43, 5, 6, 41, 33, 22, 8, 41]
[d05_N0.25] step  150 T=0.00196 E=-2.3015 D=6.0614 best E=-2.3015 (D=6.0614) best D=5.6311 acc=1/25 infeas=1 calls=3791 sizes=[5, 23, 5, 24, 5, 5, 34, 28, 5, 6, 28]
[d04_N0.05] step  200 T=0.0004499 E=-1.6499 D=5.7285 best E=-1.6499 (D=5.7285) best D=5.4374 acc=2/25 infeas=4 calls=5041 sizes=[5, 31, 5, 5, 5, 5, 38, 17, 36, 5, 25]
[d06_C0] step  150 T=0.001479 E=-1.3279 D=5.9800 best E=-1.3279 (D=5.9800) best D=5.5986 acc=2/25 infeas=4 calls=3791 sizes=[5, 43, 5, 36, 5, 5, 38, 35, 5, 5, 40]
[d07_C2] step  125 T=0.002374 E=-0.0881 D=6.2895 best E=-0.0909 (D=6.2865) best D=5.9446 acc=5/25 infeas=1 calls=3166 sizes=[5, 49, 5, 33, 5, 5, 28, 28, 48, 5, 39]
[d05_N0.25] step  175 T=0.001183 E=-3.0527 D=5.6544 best E=-3.0527 (D=5.6544) best D=5.4341 acc=2/25 infeas=3 calls=4416 sizes=[5, 15, 5, 9, 5, 6, 36, 27, 5, 5, 27]
[d04_N0.05] step  225 T=0.0002715 E=-1.8405 D=5.5874 best E=-1.8405 (D=5.5874) best D=5.4295 acc=1/25 infeas=3 calls=5666 sizes=[5, 26, 5, 5, 5, 5, 38, 13, 37, 5, 19]
[d04_N0.05] step  232 T=0.0002357 E=-1.9015 D=5.5012 best E=-1.9015 (D=5.5012) best D=5.4295 acc=2/25 infeas=1 calls=5841 sizes=[5, 27, 5, 5, 5, 5, 39, 8, 36, 5, 19]
[d04_N0.05] done in 190.8s
== d04_N0.05: ok (191s)
[d08_S0] E0=0.0000 D0=7.1462  T_start=0.01469 T_end=5.359e-05 alpha=0.98
[d06_C0] step  175 T=0.0008926 E=-1.9756 D=5.9140 best E=-1.9756 (D=5.9140) best D=5.4691 acc=3/25 infeas=4 calls=4416 sizes=[5, 33, 5, 21, 5, 5, 31, 33, 5, 6, 37]
[d05_N0.25] step  200 T=0.0007136 E=-3.5029 D=5.5509 best E=-3.5029 (D=5.5509) best D=5.4341 acc=1/25 infeas=3 calls=5041 sizes=[5, 13, 5, 5, 5, 5, 30, 26, 5, 7, 25]
[d07_C2] step  150 T=0.001433 E=-0.4385 D=6.1682 best E=-0.4385 (D=6.1682) best D=5.9446 acc=1/25 infeas=0 calls=3791 sizes=[5, 39, 5, 32, 5, 5, 29, 22, 47, 5, 32]
[d05_N0.25] step  204 T=0.0006582 E=-3.5436 D=5.5513 best E=-3.5438 (D=5.5531) best D=5.4341 acc=1/25 infeas=1 calls=5141 sizes=[5, 13, 5, 5, 5, 5, 28, 25, 5, 7, 26]
[d05_N0.25] done in 168.5s
== d05_N0.25: ok (169s)
[d09_S2] E0=0.0000 D0=7.1462  T_start=0.107 T_end=0.001514 alpha=0.98
[d06_C0] step  200 T=0.0005387 E=-2.2226 D=5.8899 best E=-2.2226 (D=5.8899) best D=5.4290 acc=2/25 infeas=8 calls=5041 sizes=[5, 33, 5, 14, 5, 5, 29, 29, 5, 5, 32]
[d07_C2] step  175 T=0.0008646 E=-0.7937 D=5.9247 best E=-0.7942 (D=5.9230) best D=5.7598 acc=1/25 infeas=1 calls=4416 sizes=[5, 43, 5, 21, 5, 5, 22, 14, 42, 5, 31]
[d08_S0] step   25 T=0.008862 E=-0.2551 D=6.1206 best E=-0.4790 (D=5.9455) best D=5.5905 acc=8/25 infeas=3 calls=666 sizes=[6, 43, 5, 54, 5, 9, 40, 47, 57, 13, 29]
[d09_S2] step   25 T=0.06459 E=1.3477 D=6.3636 best E=0.0000 (D=7.1462) best D=5.8993 acc=16/25 infeas=1 calls=666 sizes=[8, 60, 5, 49, 5, 5, 45, 52, 53, 9, 24]
[d06_C0] step  225 T=0.0003251 E=-3.1182 D=5.8402 best E=-3.1182 (D=5.8402) best D=5.4003 acc=1/25 infeas=6 calls=5666 sizes=[5, 29, 5, 5, 5, 6, 25, 27, 5, 5, 23]
[d07_C2] step  200 T=0.0005217 E=-1.0857 D=5.7269 best E=-1.0857 (D=5.7269) best D=5.6373 acc=1/25 infeas=1 calls=5041 sizes=[5, 39, 5, 14, 5, 5, 23, 9, 43, 5, 27]
[d08_S0] step   50 T=0.005348 E=-0.3915 D=5.9064 best E=-0.4790 (D=5.9455) best D=5.4529 acc=8/25 infeas=8 calls=1291 sizes=[6, 49, 6, 51, 5, 6, 40, 44, 52, 11, 31]
[d06_C0] step  236 T=0.0002603 E=-3.1449 D=5.8435 best E=-3.1449 (D=5.8435) best D=5.3952 acc=0/25 infeas=6 calls=5941 sizes=[5, 29, 5, 5, 5, 6, 23, 25, 5, 5, 24]
[d06_C0] done in 197.4s
== d06_C0: ok (197s)
[d10_V0] E0=0.0000 D0=7.1462  T_start=0.03084 T_end=0.0005136 alpha=0.98
[d09_S2] step   50 T=0.03898 E=1.7421 D=6.2718 best E=0.0000 (D=7.1462) best D=5.7688 acc=11/25 infeas=2 calls=1291 sizes=[6, 82, 5, 55, 5, 5, 63, 51, 32, 19, 35]
[d07_C2] step  225 T=0.0003148 E=-1.2706 D=5.6931 best E=-1.2706 (D=5.6931) best D=5.5946 acc=0/25 infeas=1 calls=5666 sizes=[5, 31, 5, 11, 5, 5, 23, 6, 41, 5, 23]
[d08_S0] step   75 T=0.003227 E=-0.5680 D=5.7903 best E=-0.6025 (D=5.6333) best D=5.3577 acc=5/25 infeas=3 calls=1916 sizes=[5, 51, 5, 49, 5, 5, 31, 40, 49, 9, 31]
[d07_C2] step  235 T=0.0002573 E=-1.6990 D=5.7254 best E=-1.6990 (D=5.7254) best D=5.5804 acc=1/25 infeas=0 calls=5916 sizes=[5, 29, 5, 6, 5, 5, 20, 7, 42, 6, 24]
[d07_C2] done in 199.8s
== d07_C2: ok (200s)
[d11_V2] E0=0.0000 D0=7.1462  T_start=0.03996 T_end=0.0003594 alpha=0.98
[d10_V0] step   25 T=0.01861 E=0.6294 D=6.1962 best E=-0.0241 (D=6.9365) best D=6.0622 acc=12/25 infeas=4 calls=666 sizes=[5, 50, 5, 38, 5, 12, 50, 44, 52, 7, 33]
[d09_S2] step   75 T=0.02352 E=0.5967 D=6.2570 best E=0.0000 (D=7.1462) best D=5.7062 acc=6/25 infeas=8 calls=1916 sizes=[5, 70, 5, 57, 5, 5, 83, 53, 17, 13, 52]
[d08_S0] step  100 T=0.001948 E=-0.9701 D=5.7617 best E=-0.9714 (D=5.7536) best D=5.2726 acc=3/25 infeas=4 calls=2541 sizes=[5, 40, 6, 39, 5, 5, 25, 41, 50, 8, 26]
[d11_V2] step   25 T=0.02411 E=-0.9680 D=6.8118 best E=-1.4457 (D=6.7007) best D=6.1041 acc=8/25 infeas=10 calls=666 sizes=[5, 53, 5, 69, 5, 7, 52, 49, 55, 10, 23]
[d10_V0] step   50 T=0.01123 E=0.2239 D=6.2663 best E=-0.0241 (D=6.9365) best D=6.0622 acc=4/25 infeas=7 calls=1291 sizes=[5, 66, 5, 28, 5, 11, 51, 33, 40, 6, 39]
[d09_S2] step  100 T=0.01419 E=-4.0863 D=6.0198 best E=-4.0863 (D=6.0198) best D=5.5744 acc=2/25 infeas=7 calls=2541 sizes=[5, 80, 5, 42, 5, 5, 65, 55, 5, 11, 65]
[d08_S0] step  125 T=0.001175 E=-1.1538 D=5.6189 best E=-1.1544 (D=5.6252) best D=5.2726 acc=3/25 infeas=6 calls=3166 sizes=[5, 39, 5, 32, 5, 5, 27, 31, 41, 6, 31]
[d10_V0] step   75 T=0.006777 E=-0.0989 D=6.0227 best E=-0.0989 (D=6.0227) best D=5.9079 acc=2/25 infeas=6 calls=1916 sizes=[5, 66, 5, 12, 5, 12, 56, 31, 41, 6, 45]
[d11_V2] step   50 T=0.01455 E=-1.4145 D=6.6158 best E=-1.5764 (D=6.7338) best D=6.1041 acc=8/25 infeas=2 calls=1291 sizes=[6, 56, 5, 80, 5, 5, 53, 44, 48, 8, 34]
[d08_S0] step  150 T=0.0007092 E=-1.3576 D=5.5887 best E=-1.3576 (D=5.5887) best D=5.2726 acc=3/25 infeas=5 calls=3791 sizes=[5, 34, 6, 31, 5, 5, 24, 21, 37, 5, 25]
[d09_S2] step  125 T=0.008565 E=-5.3468 D=6.0298 best E=-5.3468 (D=6.0298) best D=5.5744 acc=2/25 infeas=5 calls=3166 sizes=[5, 76, 5, 25, 5, 5, 61, 53, 5, 13, 64]
[d10_V0] step  100 T=0.00409 E=-1.3430 D=5.8753 best E=-1.3430 (D=5.8753) best D=5.4901 acc=4/25 infeas=4 calls=2541 sizes=[5, 57, 5, 5, 5, 11, 48, 34, 36, 5, 39]
[d08_S0] step  175 T=0.000428 E=-1.5616 D=5.4468 best E=-1.5616 (D=5.4468) best D=5.2726 acc=3/25 infeas=6 calls=4416 sizes=[5, 29, 6, 25, 5, 5, 20, 18, 33, 6, 19]
[d11_V2] step   75 T=0.008781 E=-1.6052 D=6.4788 best E=-1.6052 (D=6.4788) best D=6.0191 acc=5/25 infeas=7 calls=1916 sizes=[5, 55, 5, 73, 5, 5, 56, 43, 44, 5, 44]
[d09_S2] step  150 T=0.005169 E=-8.7333 D=6.0719 best E=-8.7333 (D=6.0719) best D=5.5744 acc=4/25 infeas=5 calls=3791 sizes=[5, 64, 5, 9, 5, 5, 59, 52, 5, 15, 60]
[d08_S0] step  200 T=0.0002583 E=-1.8582 D=5.4040 best E=-1.8582 (D=5.4040) best D=5.2726 acc=1/25 infeas=7 calls=5041 sizes=[5, 24, 5, 24, 5, 6, 15, 18, 25, 6, 17]
[d10_V0] step  125 T=0.002468 E=-2.0422 D=5.8052 best E=-2.0456 (D=5.8030) best D=5.4901 acc=3/25 infeas=5 calls=3166 sizes=[5, 45, 5, 5, 5, 7, 43, 29, 26, 6, 35]
[d11_V2] step  100 T=0.005299 E=-1.8691 D=6.4493 best E=-1.8839 (D=6.4917) best D=6.0102 acc=7/25 infeas=4 calls=2541 sizes=[5, 50, 5, 70, 5, 5, 48, 41, 49, 6, 34]
[d09_S2] step  175 T=0.003119 E=-10.2213 D=6.0006 best E=-10.2213 (D=6.0006) best D=5.4362 acc=2/25 infeas=9 calls=4416 sizes=[5, 56, 5, 5, 5, 5, 49, 50, 5, 12, 61]
[d08_S0] step  225 T=0.0001559 E=-1.9665 D=5.2591 best E=-1.9668 (D=5.2525) best D=5.2172 acc=1/25 infeas=3 calls=5666 sizes=[5, 19, 5, 22, 5, 6, 13, 21, 22, 5, 15]
[d10_V0] step  150 T=0.001489 E=-2.7221 D=5.7405 best E=-2.7221 (D=5.7405) best D=5.4298 acc=1/25 infeas=6 calls=3791 sizes=[5, 39, 5, 5, 5, 8, 40, 28, 13, 5, 33]
[d09_S2] step  200 T=0.001882 E=-10.8263 D=6.0005 best E=-10.8263 (D=6.0005) best D=5.4362 acc=2/25 infeas=11 calls=5041 sizes=[5, 48, 5, 5, 5, 5, 48, 38, 5, 9, 52]
[d11_V2] step  125 T=0.003198 E=-2.4216 D=6.3894 best E=-2.4284 (D=6.3992) best D=5.9957 acc=5/25 infeas=5 calls=3166 sizes=[5, 36, 5, 65, 6, 5, 39, 33, 43, 5, 37]
[d08_S0] step  250 T=9.406e-05 E=-2.0520 D=5.4416 best E=-2.0520 (D=5.4416) best D=5.2132 acc=2/25 infeas=3 calls=6291 sizes=[5, 15, 5, 18, 5, 5, 11, 17, 20, 6, 14]
[d10_V0] step  175 T=0.0008988 E=-3.2004 D=5.5586 best E=-3.2004 (D=5.5586) best D=5.2952 acc=2/25 infeas=0 calls=4416 sizes=[5, 43, 5, 5, 5, 5, 29, 19, 5, 6, 32]
[d09_S2] step  211 T=0.001507 E=-11.0924 D=5.9752 best E=-11.0924 (D=5.9752) best D=5.4362 acc=2/25 infeas=7 calls=5316 sizes=[5, 49, 5, 5, 5, 5, 44, 35, 5, 9, 47]
[d09_S2] done in 182.2s
== d09_S2: ok (182s)
[d12_P0] E0=0.0000 D0=7.1462  T_start=0.02966 T_end=0.000261 alpha=0.98
[d08_S0] step  275 T=5.676e-05 E=-2.1890 D=5.3468 best E=-2.1890 (D=5.3468) best D=5.2132 acc=2/25 infeas=3 calls=6916 sizes=[5, 18, 5, 16, 6, 5, 12, 5, 18, 5, 15]
[d08_S0] step  278 T=5.342e-05 E=-2.2238 D=5.2049 best E=-2.2238 (D=5.2049) best D=5.2049 acc=2/25 infeas=3 calls=6991 sizes=[5, 17, 5, 17, 5, 5, 8, 6, 18, 5, 16]
[d08_S0] done in 196.6s
== d08_S0: ok (197s)
[d13_P2] E0=0.0000 D0=7.1462  T_start=0.02966 T_end=0.000261 alpha=0.98
[d11_V2] step  150 T=0.00193 E=-2.7720 D=6.3915 best E=-2.7727 (D=6.3915) best D=5.8835 acc=2/25 infeas=8 calls=3791 sizes=[5, 29, 5, 54, 5, 5, 34, 33, 38, 5, 30]
[d10_V0] step  200 T=0.0005424 E=-3.5421 D=5.3002 best E=-3.5421 (D=5.3002) best D=5.1816 acc=2/25 infeas=7 calls=5041 sizes=[5, 29, 5, 5, 5, 5, 28, 14, 5, 5, 26]
[d10_V0] step  203 T=0.0005105 E=-3.5946 D=5.2206 best E=-3.5946 (D=5.2206) best D=5.1816 acc=3/25 infeas=0 calls=5116 sizes=[5, 29, 5, 5, 5, 5, 28, 11, 5, 5, 24]
[d10_V0] done in 159.5s
== d10_V0: ok (159s)
[d14_structural_only] E0=0.0000 D0=7.1462  T_start=0.04774 T_end=0.0004781 alpha=0.98
[d12_P0] step   25 T=0.0179 E=0.5282 D=6.4684 best E=-0.0148 (D=6.9365) best D=6.1111 acc=6/25 infeas=11 calls=666 sizes=[7, 48, 5, 48, 5, 6, 46, 44, 52, 13, 31]
[d13_P2] step   25 T=0.0179 E=0.2254 D=6.1562 best E=-0.0855 (D=6.2250) best D=5.9677 acc=10/25 infeas=0 calls=666 sizes=[5, 33, 5, 42, 5, 5, 50, 51, 54, 16, 25]
[d11_V2] step  175 T=0.001164 E=-3.0865 D=6.2464 best E=-3.0865 (D=6.2464) best D=5.8368 acc=5/25 infeas=10 calls=4416 sizes=[5, 32, 5, 48, 5, 5, 23, 21, 33, 5, 29]
[d14_structural_only] step   25 T=0.02881 E=0.7840 D=6.5464 best E=0.0000 (D=7.1462) best D=6.1075 acc=12/25 infeas=5 calls=666 sizes=[5, 52, 5, 57, 5, 8, 43, 47, 47, 11, 34]
[d12_P0] step   50 T=0.0108 E=0.7225 D=6.4514 best E=-0.0148 (D=6.9365) best D=5.9670 acc=8/25 infeas=9 calls=1291 sizes=[5, 57, 5, 53, 5, 6, 53, 46, 53, 7, 37]
[d11_V2] step  200 T=0.0007027 E=-3.3290 D=5.7916 best E=-3.3298 (D=5.7868) best D=5.6641 acc=5/25 infeas=0 calls=5041 sizes=[5, 25, 5, 41, 5, 5, 24, 17, 35, 5, 18]
[d13_P2] step   50 T=0.0108 E=0.4279 D=6.1250 best E=-0.0855 (D=6.2250) best D=5.8951 acc=4/25 infeas=3 calls=1291 sizes=[5, 41, 5, 37, 5, 5, 49, 49, 62, 9, 29]
[d14_structural_only] step   50 T=0.01739 E=1.0125 D=6.8175 best E=0.0000 (D=7.1462) best D=6.0867 acc=9/25 infeas=6 calls=1291 sizes=[5, 66, 5, 62, 5, 8, 45, 48, 45, 5, 39]
[d11_V2] step  225 T=0.0004241 E=-3.6512 D=5.8648 best E=-3.6512 (D=5.8648) best D=5.5594 acc=2/25 infeas=0 calls=5666 sizes=[5, 16, 5, 40, 5, 5, 24, 8, 28, 5, 17]
[d12_P0] step   75 T=0.006519 E=0.5999 D=6.3912 best E=-0.0148 (D=6.9365) best D=5.9016 acc=5/25 infeas=6 calls=1916 sizes=[5, 45, 5, 51, 5, 7, 48, 40, 61, 6, 46]
[d11_V2] step  234 T=0.0003536 E=-3.6822 D=5.7884 best E=-3.6822 (D=5.7884) best D=5.5594 acc=1/25 infeas=0 calls=5891 sizes=[5, 15, 5, 39, 5, 5, 24, 8, 27, 5, 15]
[d13_P2] step   75 T=0.006519 E=0.0927 D=6.2220 best E=-0.0855 (D=6.2250) best D=5.6702 acc=4/25 infeas=2 calls=1916 sizes=[5, 37, 5, 29, 5, 6, 40, 45, 63, 13, 28]
[d11_V2] done in 203.7s
== d11_V2: ok (204s)
[d14_structural_only] step   75 T=0.01049 E=0.7985 D=6.5825 best E=0.0000 (D=7.1462) best D=6.0867 acc=8/25 infeas=5 calls=1916 sizes=[5, 63, 5, 56, 5, 9, 49, 30, 57, 5, 41]
[d12_P0] step  100 T=0.003934 E=0.1784 D=6.3254 best E=-0.0148 (D=6.9365) best D=5.9016 acc=6/25 infeas=2 calls=2541 sizes=[5, 43, 5, 42, 5, 5, 53, 39, 46, 6, 39]
[d13_P2] step  100 T=0.003934 E=-0.2351 D=6.0589 best E=-0.2351 (D=6.0589) best D=5.6702 acc=5/25 infeas=6 calls=2541 sizes=[5, 40, 5, 20, 5, 5, 38, 39, 58, 9, 32]
[d14_structural_only] step  100 T=0.006331 E=0.4277 D=6.4961 best E=0.0000 (D=7.1462) best D=6.0342 acc=4/25 infeas=2 calls=2541 sizes=[5, 54, 5, 49, 5, 8, 48, 27, 55, 6, 38]
[d13_P2] step  125 T=0.002374 E=-0.7500 D=5.8257 best E=-0.7500 (D=5.8257) best D=5.6702 acc=4/25 infeas=6 calls=3166 sizes=[5, 33, 5, 9, 5, 5, 41, 34, 54, 8, 32]
[d12_P0] step  125 T=0.002374 E=-0.3449 D=6.1329 best E=-0.3449 (D=6.1329) best D=5.9016 acc=1/25 infeas=10 calls=3166 sizes=[5, 39, 5, 25, 5, 6, 41, 39, 43, 5, 46]
[d13_P2] step  150 T=0.001433 E=-1.1690 D=5.8008 best E=-1.1690 (D=5.8008) best D=5.4703 acc=4/25 infeas=5 calls=3791 sizes=[5, 30, 5, 6, 5, 5, 30, 28, 52, 6, 33]
[d14_structural_only] step  125 T=0.003821 E=-0.2241 D=6.8921 best E=-0.2350 (D=6.9096) best D=6.0342 acc=3/25 infeas=4 calls=3166 sizes=[5, 35, 5, 41, 5, 6, 44, 21, 52, 6, 39]
[d12_P0] step  150 T=0.001433 E=-1.6931 D=5.9068 best E=-1.6931 (D=5.9068) best D=5.7657 acc=3/25 infeas=8 calls=3791 sizes=[5, 40, 5, 5, 5, 6, 38, 32, 41, 5, 46]
[d13_P2] step  175 T=0.0008646 E=-1.5504 D=5.6617 best E=-1.5504 (D=5.6617) best D=5.4214 acc=1/25 infeas=1 calls=4416 sizes=[5, 20, 5, 5, 5, 5, 33, 26, 44, 5, 28]
[d12_P0] step  175 T=0.0008646 E=-2.0814 D=5.8711 best E=-2.0814 (D=5.8711) best D=5.3291 acc=3/25 infeas=8 calls=4416 sizes=[6, 37, 5, 5, 5, 5, 26, 26, 33, 5, 36]
[d14_structural_only] step  150 T=0.002306 E=-0.6311 D=6.8368 best E=-0.6427 (D=6.8329) best D=6.0342 acc=4/25 infeas=5 calls=3791 sizes=[5, 31, 5, 40, 5, 5, 40, 24, 46, 6, 27]
[d13_P2] step  200 T=0.0005217 E=-1.9850 D=5.1349 best E=-1.9850 (D=5.1349) best D=5.1101 acc=1/25 infeas=2 calls=5041 sizes=[5, 10, 5, 5, 5, 5, 30, 27, 38, 5, 27]
[d12_P0] step  200 T=0.0005217 E=-2.3543 D=5.8860 best E=-2.3546 (D=5.8923) best D=5.3291 acc=0/25 infeas=5 calls=5041 sizes=[5, 25, 5, 5, 6, 5, 24, 22, 27, 5, 34]
[d14_structural_only] step  175 T=0.001391 E=-0.9157 D=6.7818 best E=-0.9157 (D=6.7818) best D=5.9746 acc=3/25 infeas=8 calls=4416 sizes=[5, 26, 5, 40, 5, 6, 36, 23, 37, 5, 25]
[d13_P2] step  225 T=0.0003148 E=-2.1877 D=5.0565 best E=-2.1877 (D=5.0565) best D=5.0204 acc=1/25 infeas=0 calls=5666 sizes=[5, 5, 5, 5, 5, 5, 32, 26, 31, 5, 21]
[d13_P2] step  235 T=0.0002573 E=-2.2909 D=5.0423 best E=-2.2909 (D=5.0423) best D=5.0088 acc=0/25 infeas=3 calls=5916 sizes=[5, 5, 5, 6, 5, 5, 29, 24, 26, 5, 22]
[d13_P2] done in 185.2s
== d13_P2: ok (185s)
[d12_P0] step  225 T=0.0003148 E=-2.5655 D=5.8420 best E=-2.5655 (D=5.8420) best D=5.3291 acc=0/25 infeas=7 calls=5666 sizes=[6, 24, 5, 5, 5, 5, 24, 19, 20, 5, 28]
[d12_P0] step  235 T=0.0002573 E=-2.7308 D=5.7747 best E=-2.7308 (D=5.7747) best D=5.3198 acc=2/25 infeas=2 calls=5916 sizes=[5, 25, 5, 5, 5, 5, 23, 18, 13, 5, 29]
[d12_P0] done in 201.4s
== d12_P0: ok (201s)
[d14_structural_only] step  200 T=0.0008396 E=-1.2858 D=6.3918 best E=-1.2858 (D=6.3918) best D=5.8096 acc=2/25 infeas=2 calls=5041 sizes=[5, 19, 5, 39, 5, 5, 31, 25, 31, 5, 18]
[d14_structural_only] step  225 T=0.0005067 E=-1.5841 D=6.0658 best E=-1.5841 (D=6.0658) best D=5.5304 acc=4/25 infeas=2 calls=5666 sizes=[5, 10, 5, 36, 5, 6, 31, 24, 34, 5, 11]
[d14_structural_only] step  228 T=0.0004769 E=-1.7739 D=5.9477 best E=-1.7749 (D=5.9585) best D=5.5304 acc=2/25 infeas=1 calls=5741 sizes=[5, 7, 5, 38, 6, 5, 32, 21, 35, 5, 10]
[d14_structural_only] done in 206.7s
== d14_structural_only: ok (207s)
sweep wall time 802s
