[d02_base] E0=0.0000 D0=6.4293  T_start=0.02577 T_end=0.000249 alpha=0.99
[d02_base] step   25 T=0.02004 E=0.1794 D=6.3029 best E=-0.0081 (D=6.4265) best D=5.7294 acc=9/30 infeas=15 calls=791 sizes=[43, 39, 5, 72, 5, 31, 58, 9, 14, 9]
[d02_base] step   50 T=0.01559 E=-0.7627 D=6.2478 best E=-0.7862 (D=6.2373) best D=5.7294 acc=9/30 infeas=2 calls=1541 sizes=[47, 30, 6, 66, 5, 24, 69, 5, 38, 8]
[d02_base] step   75 T=0.01213 E=-1.5801 D=5.6646 best E=-1.6030 (D=5.6727) best D=5.1793 acc=10/30 infeas=6 calls=2291 sizes=[59, 23, 5, 60, 5, 20, 70, 6, 52, 5]
[d02_base] step  100 T=0.009432 E=-3.6791 D=5.4803 best E=-3.6791 (D=5.4803) best D=5.1793 acc=10/30 infeas=6 calls=3041 sizes=[49, 5, 5, 62, 5, 24, 66, 5, 50, 5]
[d02_base] step  125 T=0.007336 E=-3.9982 D=5.3257 best E=-4.0291 (D=5.3260) best D=5.1285 acc=4/30 infeas=0 calls=3791 sizes=[51, 5, 5, 53, 5, 19, 57, 5, 45, 5]
[d02_base] step  150 T=0.005706 E=-4.3807 D=5.4352 best E=-4.4010 (D=5.4352) best D=5.1153 acc=3/30 infeas=1 calls=4541 sizes=[47, 5, 5, 50, 5, 17, 47, 5, 32, 5]
[d02_base] step  175 T=0.004438 E=-4.6426 D=5.4696 best E=-4.6426 (D=5.4696) best D=4.8393 acc=3/30 infeas=6 calls=5291 sizes=[37, 5, 5, 46, 5, 23, 40, 6, 27, 6]
[d02_base] step  200 T=0.003452 E=-5.0233 D=5.0466 best E=-5.0233 (D=5.0466) best D=4.8393 acc=5/30 infeas=3 calls=6041 sizes=[24, 5, 5, 47, 5, 19, 40, 5, 26, 5]
[d02_base] step  225 T=0.002685 E=-5.4149 D=4.9513 best E=-5.4149 (D=4.9513) best D=4.8012 acc=4/30 infeas=7 calls=6791 sizes=[28, 5, 5, 35, 5, 12, 35, 5, 17, 5]
[d02_base] step  250 T=0.002089 E=-5.6197 D=4.9501 best E=-5.6198 (D=4.9508) best D=4.5531 acc=3/30 infeas=0 calls=7541 sizes=[22, 5, 5, 36, 5, 10, 34, 5, 6, 5]
[d02_base] step  275 T=0.001625 E=-5.7362 D=4.9374 best E=-5.7362 (D=4.9374) best D=4.5479 acc=2/30 infeas=0 calls=8291 sizes=[22, 5, 5, 30, 5, 10, 28, 5, 5, 5]
[d02_base] step  300 T=0.001264 E=-5.8287 D=4.9058 best E=-5.8432 (D=4.9277) best D=4.4064 acc=2/30 infeas=3 calls=9041 sizes=[19, 5, 5, 21, 5, 9, 26, 5, 5, 5]
[d02_base] step  325 T=0.0009829 E=-5.9648 D=4.8744 best E=-5.9648 (D=4.8744) best D=4.3518 acc=0/30 infeas=2 calls=9791 sizes=[13, 5, 5, 17, 5, 5, 20, 5, 5, 5]
[d02_base] step  350 T=0.0007645 E=-6.1682 D=4.8846 best E=-6.1682 (D=4.8846) best D=4.3452 acc=0/30 infeas=0 calls=10541 sizes=[5, 5, 5, 15, 5, 8, 19, 5, 5, 5]
[d02_base] step  375 T=0.0005947 E=-6.2724 D=4.8652 best E=-6.2750 (D=4.8652) best D=4.3385 acc=1/30 infeas=2 calls=11291 sizes=[5, 5, 5, 14, 5, 6, 14, 5, 5, 5]
[d02_base] step  400 T=0.0004625 E=-6.2899 D=4.8540 best E=-6.2906 (D=4.8520) best D=4.3368 acc=0/30 infeas=1 calls=12041 sizes=[5, 5, 5, 13, 5, 6, 11, 5, 5, 5]
[d02_base] step  425 T=0.0003598 E=-6.3051 D=4.8546 best E=-6.3051 (D=4.8546) best D=4.3368 acc=1/30 infeas=1 calls=12791 sizes=[5, 5, 5, 9, 5, 7, 10, 5, 5, 5]
[d02_base] step  450 T=0.0002798 E=-6.3279 D=4.8473 best E=-6.3279 (D=4.8473) best D=4.3086 acc=0/30 infeas=4 calls=13541 sizes=[5, 5, 5, 9, 5, 6, 9, 5, 5, 5]
[d02_base] step  462 T=0.000248 E=-6.3324 D=4.8501 best E=-6.3324 (D=4.8501) best D=4.3086 acc=0/30 infeas=5 calls=13901 sizes=[5, 5, 5, 8, 5, 6, 8, 5, 5, 5]
[d02_base] done in 318.5s
